Archive member included to satisfy reference by file (symbol)

C:/nxp/MCUXpressoIDE_25.6.136/ide/plugins/com.nxp.mcuxpresso.tools.win32_25.6.0.202501151204/tools/bin/../lib/gcc/arm-none-eabi/14.2.1/../../../../arm-none-eabi/lib/thumb/v8-m.main/nofp\libcr_nohost_nf.a(_cr__main.o)
                              ./startup/startup_mcxa153.o (__main)
C:/nxp/MCUXpressoIDE_25.6.136/ide/plugins/com.nxp.mcuxpresso.tools.win32_25.6.0.202501151204/tools/bin/../lib/gcc/arm-none-eabi/14.2.1/../../../../arm-none-eabi/lib/thumb/v8-m.main/nofp\libcr_c.a(memset.o)
                              ./drivers/fsl_lpuart.o (memset)
C:/nxp/MCUXpressoIDE_25.6.136/ide/plugins/com.nxp.mcuxpresso.tools.win32_25.6.0.202501151204/tools/bin/../lib/gcc/arm-none-eabi/14.2.1/../../../../arm-none-eabi/lib/thumb/v8-m.main/nofp\libcr_c.a(alloc.o)
                              ./drivers/fsl_common.o (malloc)
C:/nxp/MCUXpressoIDE_25.6.136/ide/plugins/com.nxp.mcuxpresso.tools.win32_25.6.0.202501151204/tools/bin/../lib/gcc/arm-none-eabi/14.2.1/../../../../arm-none-eabi/lib/thumb/v8-m.main/nofp\libcr_c.a(errno.o)
                              ./utilities/str/fsl_str.o (errno)
C:/nxp/MCUXpressoIDE_25.6.136/ide/plugins/com.nxp.mcuxpresso.tools.win32_25.6.0.202501151204/tools/bin/../lib/gcc/arm-none-eabi/14.2.1/../../../../arm-none-eabi/lib/thumb/v8-m.main/nofp\libcr_c.a(initio.o)
                              C:/nxp/MCUXpressoIDE_25.6.136/ide/plugins/com.nxp.mcuxpresso.tools.win32_25.6.0.202501151204/tools/bin/../lib/gcc/arm-none-eabi/14.2.1/../../../../arm-none-eabi/lib/thumb/v8-m.main/nofp\libcr_nohost_nf.a(_cr__main.o) (_initio)
C:/nxp/MCUXpressoIDE_25.6.136/ide/plugins/com.nxp.mcuxpresso.tools.win32_25.6.0.202501151204/tools/bin/../lib/gcc/arm-none-eabi/14.2.1/../../../../arm-none-eabi/lib/thumb/v8-m.main/nofp\libcr_c.a(scanf.o)
                              ./utilities/str/fsl_str.o (strtoul)
C:/nxp/MCUXpressoIDE_25.6.136/ide/plugins/com.nxp.mcuxpresso.tools.win32_25.6.0.202501151204/tools/bin/../lib/gcc/arm-none-eabi/14.2.1/../../../../arm-none-eabi/lib/thumb/v8-m.main/nofp\libcr_c.a(setvbuf.o)
                              C:/nxp/MCUXpressoIDE_25.6.136/ide/plugins/com.nxp.mcuxpresso.tools.win32_25.6.0.202501151204/tools/bin/../lib/gcc/arm-none-eabi/14.2.1/../../../../arm-none-eabi/lib/thumb/v8-m.main/nofp\libcr_c.a(initio.o) (setvbuf)
C:/nxp/MCUXpressoIDE_25.6.136/ide/plugins/com.nxp.mcuxpresso.tools.win32_25.6.0.202501151204/tools/bin/../lib/gcc/arm-none-eabi/14.2.1/../../../../arm-none-eabi/lib/thumb/v8-m.main/nofp\libcr_c.a(strlen.o)
                              ./utilities/str/fsl_str.o (strlen)
C:/nxp/MCUXpressoIDE_25.6.136/ide/plugins/com.nxp.mcuxpresso.tools.win32_25.6.0.202501151204/tools/bin/../lib/gcc/arm-none-eabi/14.2.1/../../../../arm-none-eabi/lib/thumb/v8-m.main/nofp\libcr_c.a(ungetc.o)
                              C:/nxp/MCUXpressoIDE_25.6.136/ide/plugins/com.nxp.mcuxpresso.tools.win32_25.6.0.202501151204/tools/bin/../lib/gcc/arm-none-eabi/14.2.1/../../../../arm-none-eabi/lib/thumb/v8-m.main/nofp\libcr_c.a(scanf.o) (ungetc)
C:/nxp/MCUXpressoIDE_25.6.136/ide/plugins/com.nxp.mcuxpresso.tools.win32_25.6.0.202501151204/tools/bin/../lib/gcc/arm-none-eabi/14.2.1/../../../../arm-none-eabi/lib/thumb/v8-m.main/nofp\libcr_c.a(__fillbuf.o)
                              C:/nxp/MCUXpressoIDE_25.6.136/ide/plugins/com.nxp.mcuxpresso.tools.win32_25.6.0.202501151204/tools/bin/../lib/gcc/arm-none-eabi/14.2.1/../../../../arm-none-eabi/lib/thumb/v8-m.main/nofp\libcr_c.a(scanf.o) (__filbuf)
C:/nxp/MCUXpressoIDE_25.6.136/ide/plugins/com.nxp.mcuxpresso.tools.win32_25.6.0.202501151204/tools/bin/../lib/gcc/arm-none-eabi/14.2.1/../../../../arm-none-eabi/lib/thumb/v8-m.main/nofp\libcr_c.a(__init_alloc.o)
                              C:/nxp/MCUXpressoIDE_25.6.136/ide/plugins/com.nxp.mcuxpresso.tools.win32_25.6.0.202501151204/tools/bin/../lib/gcc/arm-none-eabi/14.2.1/../../../../arm-none-eabi/lib/thumb/v8-m.main/nofp\libcr_c.a(alloc.o) (__heaps)
C:/nxp/MCUXpressoIDE_25.6.136/ide/plugins/com.nxp.mcuxpresso.tools.win32_25.6.0.202501151204/tools/bin/../lib/gcc/arm-none-eabi/14.2.1/../../../../arm-none-eabi/lib/thumb/v8-m.main/nofp\libcr_c.a(_cr_sbrk.o)
                              C:/nxp/MCUXpressoIDE_25.6.136/ide/plugins/com.nxp.mcuxpresso.tools.win32_25.6.0.202501151204/tools/bin/../lib/gcc/arm-none-eabi/14.2.1/../../../../arm-none-eabi/lib/thumb/v8-m.main/nofp\libcr_c.a(alloc.o) (_sbrk)
C:/nxp/MCUXpressoIDE_25.6.136/ide/plugins/com.nxp.mcuxpresso.tools.win32_25.6.0.202501151204/tools/bin/../lib/gcc/arm-none-eabi/14.2.1/../../../../arm-none-eabi/lib/thumb/v8-m.main/nofp\libcr_c.a(_deferredlazyseek.o)
                              C:/nxp/MCUXpressoIDE_25.6.136/ide/plugins/com.nxp.mcuxpresso.tools.win32_25.6.0.202501151204/tools/bin/../lib/gcc/arm-none-eabi/14.2.1/../../../../arm-none-eabi/lib/thumb/v8-m.main/nofp\libcr_c.a(__fillbuf.o) (_deferredlazyseek)
[...]
Memory Configuration

Name             Origin             Length             Attributes
PROGRAM_FLASH    0x00000000         0x00020000         xr
SRAM             0x20000000         0x00006000         xrw
SRAMX0           0x04000000         0x00002000         xrw
SRAMX1           0x04002000         0x00001000         xrw
*default*        0x00000000         0xffffffff

Linker script and memory map

LOAD ./utilities/str/fsl_str.o
LOAD ./utilities/debug_console_lite/fsl_debug_console.o
LOAD ./utilities/fsl_assert.o
LOAD ./utilities/fsl_memcpy.o
LOAD ./startup/startup_mcxa153.o
LOAD ./source/pwm.o
LOAD ./source/semihost_hardfault.o
LOAD ./source/test.o
LOAD ./drivers/fsl_clock.o
LOAD ./drivers/fsl_common.o
LOAD ./drivers/fsl_common_arm.o
LOAD ./drivers/fsl_gpio.o
LOAD ./drivers/fsl_inputmux.o
LOAD ./drivers/fsl_lpuart.o
LOAD ./drivers/fsl_pwm.o
LOAD ./drivers/fsl_reset.o
LOAD ./drivers/fsl_spc.o
LOAD ./device/system_MCXA153.o
LOAD ./component/uart/fsl_adapter_lpuart.o
LOAD ./board/board.o
LOAD ./board/clock_config.o
LOAD ./board/hardware_init.o
LOAD ./board/pin_mux.o
START GROUP
LOAD C:/nxp/MCUXpressoIDE_25.6.136/ide/plugins/com.nxp.mcuxpresso.tools.win32_25.6.0.202501151204/tools/bin/../lib/gcc/arm-none-eabi/14.2.1/../../../../arm-none-eabi/lib/thumb/v8-m.main/nofp\libcr_nohost_nf.a
LOAD C:/nxp/MCUXpressoIDE_25.6.136/ide/plugins/com.nxp.mcuxpresso.tools.win32_25.6.0.202501151204/tools/bin/../lib/gcc/arm-none-eabi/14.2.1/../../../../arm-none-eabi/lib/thumb/v8-m.main/nofp\libcr_c.a
LOAD C:/nxp/MCUXpressoIDE_25.6.136/ide/plugins/com.nxp.mcuxpresso.tools.win32_25.6.0.202501151204/tools/bin/../lib/gcc/arm-none-eabi/14.2.1/thumb/v8-m.main/nofp\libcr_eabihelpers.a
LOAD C:/nxp/MCUXpressoIDE_25.6.136/ide/plugins/com.nxp.mcuxpresso.tools.win32_25.6.0.202501151204/tools/bin/../lib/gcc/arm-none-eabi/14.2.1/thumb/v8-m.main/nofp\libgcc.a
END GROUP
                0x00000000                        __base_PROGRAM_FLASH = 0x0
                0x00000000                        __base_Flash = 0x0
                0x00020000                        __top_PROGRAM_FLASH = 0x20000
                0x00020000                        __top_Flash = 0x20000
                0x20000000                        __base_SRAM = 0x20000000
                0x20000000                        __base_RAM = 0x20000000
                0x20006000                        __top_SRAM = 0x20006000
                0x20006000                        __top_RAM = 0x20006000
                0x04000000                        __base_SRAMX0 = 0x4000000
                0x04000000                        __base_RAM2 = 0x4000000
                0x04002000                        __top_SRAMX0 = 0x4002000
                0x04002000                        __top_RAM2 = 0x4002000
                0x04002000                        __base_SRAMX1 = 0x4002000
                0x04002000                        __base_RAM3 = 0x4002000
                0x04003000                        __top_SRAMX1 = 0x4003000
                0x04003000                        __top_RAM3 = 0x4003000

.text           0x00000000     0x4fa0
 FILL mask 0xff
                0x00000000                        __vectors_start__ = ABSOLUTE (.)
 *(SORT_BY_ALIGNMENT(.isr_vector))
 .isr_vector    0x00000000      0x16c ./startup/startup_mcxa153.o
                0x00000000                g_pfnVectors
                0x00000000                __Vectors
                0x0000016c                        . = ALIGN (0x4)
                0x0000016c                        __section_table_start = .
                0x0000016c                        __data_section_table = .
                0x0000016c        0x4 LONG 0x4fa0 LOADADDR (.data)
                0x00000170        0x4 LONG 0x20000000 ADDR (.data)
                0x00000174        0x4 LONG 0x8 SIZEOF (.data)
                0x00000178        0x4 LONG 0x4fa0 LOADADDR (.data_RAM2)
                0x0000017c        0x4 LONG 0x4000000 ADDR (.data_RAM2)
                0x00000180        0x4 LONG 0x0 SIZEOF (.data_RAM2)
                0x00000184        0x4 LONG 0x4fa0 LOADADDR (.data_RAM3)
                0x00000188        0x4 LONG 0x4002000 ADDR (.data_RAM3)
                0x0000018c        0x4 LONG 0x0 SIZEOF (.data_RAM3)
                0x00000190                        __data_section_table_end = .
                0x00000190                        __bss_section_table = .
                0x00000190        0x4 LONG 0x20000008 ADDR (.bss)
                0x00000194        0x4 LONG 0xf0 SIZEOF (.bss)
                0x00000198        0x4 LONG 0x4000000 ADDR (.bss_RAM2)
                0x0000019c        0x4 LONG 0x0 SIZEOF (.bss_RAM2)
                0x000001a0        0x4 LONG 0x4002000 ADDR (.bss_RAM3)
                0x000001a4        0x4 LONG 0x0 SIZEOF (.bss_RAM3)
                0x000001a8                        __bss_section_table_end = .
                0x000001a8                        __section_table_end = .
 *(SORT_BY_ALIGNMENT(.after_vectors*))
 .after_vectors.reset
                0x000001a8       0x68 ./startup/startup_mcxa153.o
                0x000001a8                ResetISR
 .after_vectors.init_data
                0x00000210       0x1c ./startup/startup_mcxa153.o
                0x00000210                data_init
 .after_vectors.init_bss
                0x0000022c       0x12 ./startup/startup_mcxa153.o
                0x0000022c                bss_init
 .after_vectors
                0x0000023e       0x16 ./startup/startup_mcxa153.o
                0x0000023e                NMI_Handler
                0x00000242                MemManage_Handler
                0x00000244                BusFault_Handler
                0x00000246                UsageFault_Handler
                0x00000248                SecureFault_Handler
                0x0000024a                SVC_Handler
                0x0000024c                DebugMon_Handler
                0x0000024e                PendSV_Handler
                0x00000250                SysTick_Handler
                0x00000252                LPTMR0_DriverIRQHandler
                0x00000252                FLEXPWM0_SUBMODULE1_DriverIRQHandler
                0x00000252                MBC0_DriverIRQHandler
                0x00000252                WAKETIMER0_DriverIRQHandler
                0x00000252                I3C0_DriverIRQHandler
                0x00000252                LPI2C0_DriverIRQHandler
                0x00000252                FLEXPWM0_RELOAD_ERROR_DriverIRQHandler
                0x00000252                QDC0_HOME_DriverIRQHandler
                0x00000252                Reserved82_DriverIRQHandler
                0x00000252                QDC0_WATCHDOG_DriverIRQHandler
                0x00000252                ERM0_MULTI_BIT_DriverIRQHandler
                0x00000252                Reserved36_DriverIRQHandler
                0x00000252                CTIMER2_DriverIRQHandler
                0x00000252                Reserved33_DriverIRQHandler
                0x00000252                CMP1_DriverIRQHandler
                0x00000252                IntDefaultHandler
                0x00000252                USB0_DriverIRQHandler
                0x00000252                QDC0_INDEX_DriverIRQHandler
                0x00000252                UTICK0_DriverIRQHandler
                0x00000252                Reserved39_DriverIRQHandler
                0x00000252                FLEXPWM0_SUBMODULE2_DriverIRQHandler
                0x00000252                WWDT0_DriverIRQHandler
                0x00000252                Reserved84_DriverIRQHandler
                0x00000252                FLEXPWM0_FAULT_DriverIRQHandler
                0x00000252                GPIO0_DriverIRQHandler
                0x00000252                Reserved38_DriverIRQHandler
                0x00000252                FREQME0_DriverIRQHandler
                0x00000252                Reserved22_DriverIRQHandler
                0x00000252                Reserved53_DriverIRQHandler
                0x00000252                Reserved35_DriverIRQHandler
                0x00000252                CTIMER0_DriverIRQHandler
                0x00000252                Reserved79_DriverIRQHandler
                0x00000252                Reserved24_DriverIRQHandler
                0x00000252                CTIMER1_DriverIRQHandler
                0x00000252                QDC0_COMPARE_DriverIRQHandler
                0x00000252                WUU0_DriverIRQHandler
                0x00000252                LPSPI0_DriverIRQHandler
                0x00000252                DMA_CH3_DriverIRQHandler
                0x00000252                Reserved83_DriverIRQHandler
                0x00000252                Reserved72_DriverIRQHandler
                0x00000252                Reserved23_DriverIRQHandler
                0x00000252                Reserved65_DriverIRQHandler
                0x00000252                ERM0_SINGLE_BIT_DriverIRQHandler
                0x00000252                DMA_CH2_DriverIRQHandler
                0x00000252                CMC_DriverIRQHandler
                0x00000252                Reserved51_DriverIRQHandler
                0x00000252                Reserved25_DriverIRQHandler
                0x00000252                Reserved41_DriverIRQHandler
                0x00000252                FMU0_DriverIRQHandler
                0x00000252                LPSPI1_DriverIRQHandler
                0x00000252                Reserved77_DriverIRQHandler
                0x00000252                Reserved16_DriverIRQHandler
                0x00000252                GPIO2_DriverIRQHandler
                0x00000252                Reserved85_DriverIRQHandler
                0x00000252                ADC0_DriverIRQHandler
                0x00000252                CMP0_DriverIRQHandler
                0x00000252                CDOG0_DriverIRQHandler
                0x00000252                Reserved59_DriverIRQHandler
                0x00000252                DMA_CH0_DriverIRQHandler
                0x00000252                Reserved58_DriverIRQHandler
                0x00000252                DMA_CH1_DriverIRQHandler
                0x00000252                SPC0_DriverIRQHandler
                0x00000252                GLIKEY0_DriverIRQHandler
                0x00000252                Reserved43_DriverIRQHandler
                0x00000252                Reserved46_DriverIRQHandler
                0x00000252                Reserved37_DriverIRQHandler
                0x00000252                Reserved86_DriverIRQHandler
                0x00000252                GPIO1_DriverIRQHandler
                0x00000252                FLEXPWM0_SUBMODULE0_DriverIRQHandler
                0x00000252                Reserved50_DriverIRQHandler
                0x00000252                OS_EVENT_DriverIRQHandler
                0x00000252                SCG0_DriverIRQHandler
                0x00000252                GPIO3_DriverIRQHandler
 *(SORT_BY_ALIGNMENT(.text*))
 *fill*         0x00000254        0x4 ff
 .text.PWM_DRV_Init3PhPwm
                0x00000258      0x154 ./source/pwm.o
 .text.DbgConsole_Init
                0x000003ac       0x88 ./utilities/debug_console_lite/fsl_debug_console.o
                0x000003ac                DbgConsole_Init
 .text.DbgConsole_Vprintf
                0x00000434       0x3c ./utilities/debug_console_lite/fsl_debug_console.o
                0x00000434                DbgConsole_Vprintf
 .text.DbgConsole_Putchar
                0x00000470       0x30 ./utilities/debug_console_lite/fsl_debug_console.o
                0x00000470                DbgConsole_Putchar
 .text.DbgConsole_PrintfFormattedData
                0x000004a0      0x3e0 ./utilities/debug_console_lite/fsl_debug_console.o
 .text.__assertion_failed
                0x00000880       0x3c ./utilities/fsl_assert.o
                0x00000880                __assertion_failed
 .text          0x000008bc       0xa0 ./utilities/fsl_memcpy.o
                0x000008bc                memcpy
 .text.PWM_SetupFaultDisableMap
                0x0000095c       0xd4 ./source/pwm.o
 .text.main     0x00000a30      0x18c ./source/pwm.o
                0x00000a30                main
 .text.CLOCK_SetClockSelect
                0x00000bbc       0x94 ./drivers/fsl_clock.o
                0x00000bbc                CLOCK_SetClockSelect
 .text.CLOCK_SetClockDiv
                0x00000c50       0x7c ./drivers/fsl_clock.o
                0x00000c50                CLOCK_SetClockDiv
 .text.CLOCK_SetupFROHFClocking
                0x00000ccc       0xf4 ./drivers/fsl_clock.o
                0x00000ccc                CLOCK_SetupFROHFClocking
 .text.CLOCK_SetupFRO12MClocking
                0x00000dc0       0x54 ./drivers/fsl_clock.o
                0x00000dc0                CLOCK_SetupFRO12MClocking
 .text.CLOCK_GetFreq
                0x00000e14       0xf4 ./drivers/fsl_clock.o
                0x00000e14                CLOCK_GetFreq
 .text.CLOCK_GetFro12MFreq
                0x00000f08       0x28 ./drivers/fsl_clock.o
 .text.CLOCK_GetClk1MFreq
                0x00000f30       0x14 ./drivers/fsl_clock.o
 .text.CLOCK_GetFroHfFreq
                0x00000f44       0xc0 ./drivers/fsl_clock.o
 .text.CLOCK_GetClk48MFreq
                0x00001004       0x38 ./drivers/fsl_clock.o
 .text.CLOCK_GetFRO16KFreq
                0x0000103c       0x28 ./drivers/fsl_clock.o
 .text.CLOCK_GetClk16KFreq
                0x00001064       0x44 ./drivers/fsl_clock.o
 .text.CLOCK_GetExtClkFreq
                0x000010a8       0x2c ./drivers/fsl_clock.o
 .text.CLOCK_GetMainClk
                0x000010d4       0x68 ./drivers/fsl_clock.o
                0x000010d4                CLOCK_GetMainClk
 .text.CLOCK_GetCoreSysClkFreq
                0x0000113c       0x20 ./drivers/fsl_clock.o
                0x0000113c                CLOCK_GetCoreSysClkFreq
 .text.SDK_DelayAtLeastUs
                0x0000115c       0x8c ./drivers/fsl_common_arm.o
                0x0000115c                SDK_DelayAtLeastUs
 .text.CLOCK_EnableClock
                0x000011e8       0x88 ./drivers/fsl_gpio.o
 .text.CLOCK_DisableClock
                0x00001270       0x98 ./drivers/fsl_gpio.o
 .text.GPIO_GetInstance
                0x00001308       0x4c ./drivers/fsl_gpio.o
 .text.GPIO_PortClockEnable
                0x00001354       0x54 ./drivers/fsl_gpio.o
 .text.GPIO_PinInit
                0x000013a8       0x6c ./drivers/fsl_gpio.o
                0x000013a8                GPIO_PinInit
 .text.CLOCK_EnableClock
                0x00001414       0x88 ./drivers/fsl_inputmux.o
 .text.INPUTMUX_GetInstance
                0x0000149c       0x44 ./drivers/fsl_inputmux.o
 .text.CLOCK_EnableClock
                0x000014e0       0x88 ./drivers/fsl_lpuart.o
 .text.LPUART_GetInstance
                0x00001568       0x4c ./drivers/fsl_lpuart.o
                0x00001568                LPUART_GetInstance
 .text.LPUART_Init
                0x000015b4      0x3c4 ./drivers/fsl_lpuart.o
                0x000015b4                LPUART_Init
 .text.LPUART_GetDefaultConfig
                0x00001978       0x8c ./drivers/fsl_lpuart.o
                0x00001978                LPUART_GetDefaultConfig
 .text.LPUART_GetStatusFlags
                0x00001a04       0x38 ./drivers/fsl_lpuart.o
                0x00001a04                LPUART_GetStatusFlags
 .text.LPUART_ClearStatusFlags
                0x00001a3c       0x7c ./drivers/fsl_lpuart.o
                0x00001a3c                LPUART_ClearStatusFlags
 .text.LPUART_WriteBlocking
                0x00001ab8       0x68 ./drivers/fsl_lpuart.o
                0x00001ab8                LPUART_WriteBlocking
 .text.LPUART_ReadBlocking
                0x00001b20       0xb0 ./drivers/fsl_lpuart.o
                0x00001b20                LPUART_ReadBlocking
 .text.LPUART0_DriverIRQHandler
                0x00001bd0       0x24 ./drivers/fsl_lpuart.o
                0x00001bd0                LPUART0_DriverIRQHandler
 .text.LPUART1_DriverIRQHandler
                0x00001bf4       0x24 ./drivers/fsl_lpuart.o
                0x00001bf4                LPUART1_DriverIRQHandler
 .text.LPUART2_DriverIRQHandler
                0x00001c18       0x24 ./drivers/fsl_lpuart.o
                0x00001c18                LPUART2_DriverIRQHandler
 .text.CLOCK_EnableClock
                0x00001c3c       0x88 ./drivers/fsl_pwm.o
 .text.dutyCycleToReloadValue
                0x00001cc4       0x2c ./drivers/fsl_pwm.o
 .text.PWM_GetInstance
                0x00001cf0       0x44 ./drivers/fsl_pwm.o
 .text.PWM_SetPeriodRegister
                0x00001d34      0x190 ./drivers/fsl_pwm.o
 .text.PWM_SetDutycycleRegister
                0x00001ec4      0x2ac ./drivers/fsl_pwm.o
 .text.PWM_Init
                0x00002170      0x2c0 ./drivers/fsl_pwm.o
                0x00002170                PWM_Init
 .text.PWM_GetDefaultConfig
                0x00002430       0x60 ./drivers/fsl_pwm.o
                0x00002430                PWM_GetDefaultConfig
 .text.PWM_SetupPwm
                0x00002490      0x3ec ./drivers/fsl_pwm.o
                0x00002490                PWM_SetupPwm
 .text.PWM_UpdatePwmDutycycle
                0x0000287c       0x50 ./drivers/fsl_pwm.o
                0x0000287c                PWM_UpdatePwmDutycycle
 .text.PWM_UpdatePwmDutycycleHighAccuracy
                0x000028cc       0xdc ./drivers/fsl_pwm.o
                0x000028cc                PWM_UpdatePwmDutycycleHighAccuracy
 .text.PWM_SetupFaults
                0x000029a8      0x1f8 ./drivers/fsl_pwm.o
                0x000029a8                PWM_SetupFaults
 .text.PWM_FaultDefaultConfig
                0x00002ba0       0x44 ./drivers/fsl_pwm.o
                0x00002ba0                PWM_FaultDefaultConfig
 .text.RESET_SetPeripheralReset
                0x00002be4       0xb4 ./drivers/fsl_reset.o
                0x00002be4                RESET_SetPeripheralReset
 .text.RESET_ClearPeripheralReset
                0x00002c98       0x98 ./drivers/fsl_reset.o
                0x00002c98                RESET_ClearPeripheralReset
 .text.SPC_SetSRAMOperateVoltage
                0x00002d30       0x58 ./drivers/fsl_spc.o
                0x00002d30                SPC_SetSRAMOperateVoltage
 .text.SPC_SetActiveModeCoreLDORegulatorConfig
                0x00002d88       0x94 ./drivers/fsl_spc.o
                0x00002d88                SPC_SetActiveModeCoreLDORegulatorConfig
 .text.SystemInit
                0x00002e1c      0x140 ./device/system_MCXA153.o
                0x00002e1c                SystemInit
 .text.HAL_UartInitCommon
                0x00002f5c       0xe0 ./component/uart/fsl_adapter_lpuart.o
 .text.HAL_UartInit
                0x0000303c       0x84 ./component/uart/fsl_adapter_lpuart.o
                0x0000303c                HAL_UartInit
 .text.HAL_UartReceiveBlocking
                0x000030c0       0x6c ./component/uart/fsl_adapter_lpuart.o
                0x000030c0                HAL_UartReceiveBlocking
 .text.HAL_UartSendBlocking
                0x0000312c       0x64 ./component/uart/fsl_adapter_lpuart.o
                0x0000312c                HAL_UartSendBlocking
 .text.BOARD_InitDebugConsole
                0x00003190       0x30 ./board/board.o
                0x00003190                BOARD_InitDebugConsole
 .text.CLOCK_EnableClock
                0x000031c0       0x88 ./board/clock_config.o
 .text.BOARD_BootClockFRO96M
                0x00003248      0x16c ./board/clock_config.o
                0x00003248                BOARD_BootClockFRO96M
 .text.BOARD_InitHardware
                0x000033b4       0x58 ./board/hardware_init.o
                0x000033b4                BOARD_InitHardware
 .text.CLOCK_EnableClock
                0x0000340c       0x88 ./board/pin_mux.o
 .text.PORT_SetPinConfig
                0x00003494       0x38 ./board/pin_mux.o
 .text.BOARD_InitPins
                0x000034cc      0x258 ./board/pin_mux.o
                0x000034cc                BOARD_InitPins
 .text._initio  0x00003724       0x78 C:/nxp/MCUXpressoIDE_25.6.136/ide/plugins/com.nxp.mcuxpresso.tools.win32_25.6.0.202501151204/tools/bin/../lib/gcc/arm-none-eabi/14.2.1/../../../../arm-none-eabi/lib/thumb/v8-m.main/nofp\libcr_c.a(initio.o)
                0x00003724                _initio
 .text._Cwritebuf
                0x0000379c       0x70 C:/nxp/MCUXpressoIDE_25.6.136/ide/plugins/com.nxp.mcuxpresso.tools.win32_25.6.0.202501151204/tools/bin/../lib/gcc/arm-none-eabi/14.2.1/../../../../arm-none-eabi/lib/thumb/v8-m.main/nofp\libcr_c.a(_writebuf.o)
                0x0000379c                _Cwritebuf
 .text.fflush   0x0000380c       0x3c C:/nxp/MCUXpressoIDE_25.6.136/ide/plugins/com.nxp.mcuxpresso.tools.win32_25.6.0.202501151204/tools/bin/../lib/gcc/arm-none-eabi/14.2.1/../../../../arm-none-eabi/lib/thumb/v8-m.main/nofp\libcr_c.a(fflush.o)
                0x0000380c                fflush
 .text.fseek    0x00003848       0xf8 C:/nxp/MCUXpressoIDE_25.6.136/ide/plugins/com.nxp.mcuxpresso.tools.win32_25.6.0.202501151204/tools/bin/../lib/gcc/arm-none-eabi/14.2.1/../../../../arm-none-eabi/lib/thumb/v8-m.main/nofp\libcr_c.a(fseek.o)
                0x00003848                fseek
 .text.ftell    0x00003940       0x44 C:/nxp/MCUXpressoIDE_25.6.136/ide/plugins/com.nxp.mcuxpresso.tools.win32_25.6.0.202501151204/tools/bin/../lib/gcc/arm-none-eabi/14.2.1/../../../../arm-none-eabi/lib/thumb/v8-m.main/nofp\libcr_c.a(ftell.o)
                0x00003940                ftell
 .text.DbgConsole_Printf
                0x00003984       0x2c ./utilities/debug_console_lite/fsl_debug_console.o
                0x00003984                DbgConsole_Printf
 .text.DbgConsole_PrintfPaddingCharacter
                0x000039b0       0x40 ./utilities/debug_console_lite/fsl_debug_console.o
 .text.DbgConsole_ConvertRadixNumToString
                0x000039f0       0xc0 ./utilities/debug_console_lite/fsl_debug_console.o
 .text.fsl_assert_hook
                0x00003ab0       0x18 ./utilities/fsl_assert.o
                0x00003ab0                fsl_assert_hook
 .text.Reserved16_IRQHandler
                0x00003ac8        0x8 ./startup/startup_mcxa153.o
                0x00003ac8                Reserved16_IRQHandler
 .text.CMC_IRQHandler
                0x00003ad0        0x8 ./startup/startup_mcxa153.o
                0x00003ad0                CMC_IRQHandler
 .text.DMA_CH0_IRQHandler
                0x00003ad8        0x8 ./startup/startup_mcxa153.o
                0x00003ad8                DMA_CH0_IRQHandler
 .text.DMA_CH1_IRQHandler
                0x00003ae0        0x8 ./startup/startup_mcxa153.o
                0x00003ae0                DMA_CH1_IRQHandler
 .text.DMA_CH2_IRQHandler
                0x00003ae8        0x8 ./startup/startup_mcxa153.o
                0x00003ae8                DMA_CH2_IRQHandler
 .text.DMA_CH3_IRQHandler
                0x00003af0        0x8 ./startup/startup_mcxa153.o
                0x00003af0                DMA_CH3_IRQHandler
 .text.Reserved22_IRQHandler
                0x00003af8        0x8 ./startup/startup_mcxa153.o
                0x00003af8                Reserved22_IRQHandler
 .text.Reserved23_IRQHandler
                0x00003b00        0x8 ./startup/startup_mcxa153.o
                0x00003b00                Reserved23_IRQHandler
 .text.Reserved24_IRQHandler
                0x00003b08        0x8 ./startup/startup_mcxa153.o
                0x00003b08                Reserved24_IRQHandler
 .text.Reserved25_IRQHandler
                0x00003b10        0x8 ./startup/startup_mcxa153.o
                0x00003b10                Reserved25_IRQHandler
 .text.ERM0_SINGLE_BIT_IRQHandler
                0x00003b18        0x8 ./startup/startup_mcxa153.o
                0x00003b18                ERM0_SINGLE_BIT_IRQHandler
 .text.ERM0_MULTI_BIT_IRQHandler
                0x00003b20        0x8 ./startup/startup_mcxa153.o
                0x00003b20                ERM0_MULTI_BIT_IRQHandler
 .text.FMU0_IRQHandler
                0x00003b28        0x8 ./startup/startup_mcxa153.o
                0x00003b28                FMU0_IRQHandler
 .text.GLIKEY0_IRQHandler
                0x00003b30        0x8 ./startup/startup_mcxa153.o
                0x00003b30                GLIKEY0_IRQHandler
 .text.MBC0_IRQHandler
                0x00003b38        0x8 ./startup/startup_mcxa153.o
                0x00003b38                MBC0_IRQHandler
 .text.SCG0_IRQHandler
                0x00003b40        0x8 ./startup/startup_mcxa153.o
                0x00003b40                SCG0_IRQHandler
 .text.SPC0_IRQHandler
                0x00003b48        0x8 ./startup/startup_mcxa153.o
                0x00003b48                SPC0_IRQHandler
 .text.Reserved33_IRQHandler
                0x00003b50        0x8 ./startup/startup_mcxa153.o
                0x00003b50                Reserved33_IRQHandler
 .text.WUU0_IRQHandler
                0x00003b58        0x8 ./startup/startup_mcxa153.o
                0x00003b58                WUU0_IRQHandler
 .text.Reserved35_IRQHandler
                0x00003b60        0x8 ./startup/startup_mcxa153.o
                0x00003b60                Reserved35_IRQHandler
 .text.Reserved36_IRQHandler
                0x00003b68        0x8 ./startup/startup_mcxa153.o
                0x00003b68                Reserved36_IRQHandler
 .text.Reserved37_IRQHandler
                0x00003b70        0x8 ./startup/startup_mcxa153.o
                0x00003b70                Reserved37_IRQHandler
 .text.Reserved38_IRQHandler
                0x00003b78        0x8 ./startup/startup_mcxa153.o
                0x00003b78                Reserved38_IRQHandler
 .text.Reserved39_IRQHandler
                0x00003b80        0x8 ./startup/startup_mcxa153.o
                0x00003b80                Reserved39_IRQHandler
 .text.I3C0_IRQHandler
                0x00003b88        0x8 ./startup/startup_mcxa153.o
                0x00003b88                I3C0_IRQHandler
 .text.Reserved41_IRQHandler
                0x00003b90        0x8 ./startup/startup_mcxa153.o
                0x00003b90                Reserved41_IRQHandler
 .text.LPI2C0_IRQHandler
                0x00003b98        0x8 ./startup/startup_mcxa153.o
                0x00003b98                LPI2C0_IRQHandler
 .text.Reserved43_IRQHandler
                0x00003ba0        0x8 ./startup/startup_mcxa153.o
                0x00003ba0                Reserved43_IRQHandler
 .text.LPSPI0_IRQHandler
                0x00003ba8        0x8 ./startup/startup_mcxa153.o
                0x00003ba8                LPSPI0_IRQHandler
 .text.LPSPI1_IRQHandler
                0x00003bb0        0x8 ./startup/startup_mcxa153.o
                0x00003bb0                LPSPI1_IRQHandler
 .text.Reserved46_IRQHandler
                0x00003bb8        0x8 ./startup/startup_mcxa153.o
                0x00003bb8                Reserved46_IRQHandler
 .text.LPUART0_IRQHandler
                0x00003bc0        0x8 ./startup/startup_mcxa153.o
                0x00003bc0                LPUART0_IRQHandler
 .text.LPUART1_IRQHandler
                0x00003bc8        0x8 ./startup/startup_mcxa153.o
                0x00003bc8                LPUART1_IRQHandler
 .text.LPUART2_IRQHandler
                0x00003bd0        0x8 ./startup/startup_mcxa153.o
                0x00003bd0                LPUART2_IRQHandler
 .text.Reserved50_IRQHandler
                0x00003bd8        0x8 ./startup/startup_mcxa153.o
                0x00003bd8                Reserved50_IRQHandler
 .text.Reserved51_IRQHandler
                0x00003be0        0x8 ./startup/startup_mcxa153.o
                0x00003be0                Reserved51_IRQHandler
 .text.USB0_IRQHandler
                0x00003be8        0x8 ./startup/startup_mcxa153.o
                0x00003be8                USB0_IRQHandler
 .text.Reserved53_IRQHandler
                0x00003bf0        0x8 ./startup/startup_mcxa153.o
                0x00003bf0                Reserved53_IRQHandler
 .text.CDOG0_IRQHandler
                0x00003bf8        0x8 ./startup/startup_mcxa153.o
                0x00003bf8                CDOG0_IRQHandler
 .text.CTIMER0_IRQHandler
                0x00003c00        0x8 ./startup/startup_mcxa153.o
                0x00003c00                CTIMER0_IRQHandler
 .text.CTIMER1_IRQHandler
                0x00003c08        0x8 ./startup/startup_mcxa153.o
                0x00003c08                CTIMER1_IRQHandler
 .text.CTIMER2_IRQHandler
                0x00003c10        0x8 ./startup/startup_mcxa153.o
                0x00003c10                CTIMER2_IRQHandler
 .text.Reserved58_IRQHandler
                0x00003c18        0x8 ./startup/startup_mcxa153.o
                0x00003c18                Reserved58_IRQHandler
 .text.Reserved59_IRQHandler
                0x00003c20        0x8 ./startup/startup_mcxa153.o
                0x00003c20                Reserved59_IRQHandler
 .text.FLEXPWM0_RELOAD_ERROR_IRQHandler
                0x00003c28        0x8 ./startup/startup_mcxa153.o
                0x00003c28                FLEXPWM0_RELOAD_ERROR_IRQHandler
 .text.FLEXPWM0_FAULT_IRQHandler
                0x00003c30        0x8 ./startup/startup_mcxa153.o
                0x00003c30                FLEXPWM0_FAULT_IRQHandler
 .text.FLEXPWM0_SUBMODULE0_IRQHandler
                0x00003c38        0x8 ./startup/startup_mcxa153.o
                0x00003c38                FLEXPWM0_SUBMODULE0_IRQHandler
 .text.FLEXPWM0_SUBMODULE1_IRQHandler
                0x00003c40        0x8 ./startup/startup_mcxa153.o
                0x00003c40                FLEXPWM0_SUBMODULE1_IRQHandler
 .text.FLEXPWM0_SUBMODULE2_IRQHandler
                0x00003c48        0x8 ./startup/startup_mcxa153.o
                0x00003c48                FLEXPWM0_SUBMODULE2_IRQHandler
 .text.Reserved65_IRQHandler
                0x00003c50        0x8 ./startup/startup_mcxa153.o
                0x00003c50                Reserved65_IRQHandler
 .text.QDC0_COMPARE_IRQHandler
                0x00003c58        0x8 ./startup/startup_mcxa153.o
                0x00003c58                QDC0_COMPARE_IRQHandler
 .text.QDC0_HOME_IRQHandler
                0x00003c60        0x8 ./startup/startup_mcxa153.o
                0x00003c60                QDC0_HOME_IRQHandler
 .text.QDC0_WATCHDOG_IRQHandler
                0x00003c68        0x8 ./startup/startup_mcxa153.o
                0x00003c68                QDC0_WATCHDOG_IRQHandler
 .text.QDC0_INDEX_IRQHandler
                0x00003c70        0x8 ./startup/startup_mcxa153.o
                0x00003c70                QDC0_INDEX_IRQHandler
 .text.FREQME0_IRQHandler
                0x00003c78        0x8 ./startup/startup_mcxa153.o
                0x00003c78                FREQME0_IRQHandler
 .text.LPTMR0_IRQHandler
                0x00003c80        0x8 ./startup/startup_mcxa153.o
                0x00003c80                LPTMR0_IRQHandler
 .text.Reserved72_IRQHandler
                0x00003c88        0x8 ./startup/startup_mcxa153.o
                0x00003c88                Reserved72_IRQHandler
 .text.OS_EVENT_IRQHandler
                0x00003c90        0x8 ./startup/startup_mcxa153.o
                0x00003c90                OS_EVENT_IRQHandler
 .text.WAKETIMER0_IRQHandler
                0x00003c98        0x8 ./startup/startup_mcxa153.o
                0x00003c98                WAKETIMER0_IRQHandler
 .text.UTICK0_IRQHandler
                0x00003ca0        0x8 ./startup/startup_mcxa153.o
                0x00003ca0                UTICK0_IRQHandler
 .text.WWDT0_IRQHandler
                0x00003ca8        0x8 ./startup/startup_mcxa153.o
                0x00003ca8                WWDT0_IRQHandler
 .text.Reserved77_IRQHandler
                0x00003cb0        0x8 ./startup/startup_mcxa153.o
                0x00003cb0                Reserved77_IRQHandler
 .text.ADC0_IRQHandler
                0x00003cb8        0x8 ./startup/startup_mcxa153.o
                0x00003cb8                ADC0_IRQHandler
 .text.Reserved79_IRQHandler
                0x00003cc0        0x8 ./startup/startup_mcxa153.o
                0x00003cc0                Reserved79_IRQHandler
 .text.CMP0_IRQHandler
                0x00003cc8        0x8 ./startup/startup_mcxa153.o
                0x00003cc8                CMP0_IRQHandler
 .text.CMP1_IRQHandler
                0x00003cd0        0x8 ./startup/startup_mcxa153.o
                0x00003cd0                CMP1_IRQHandler
 .text.Reserved82_IRQHandler
                0x00003cd8        0x8 ./startup/startup_mcxa153.o
                0x00003cd8                Reserved82_IRQHandler
 .text.Reserved83_IRQHandler
                0x00003ce0        0x8 ./startup/startup_mcxa153.o
                0x00003ce0                Reserved83_IRQHandler
 .text.Reserved84_IRQHandler
                0x00003ce8        0x8 ./startup/startup_mcxa153.o
                0x00003ce8                Reserved84_IRQHandler
 .text.Reserved85_IRQHandler
                0x00003cf0        0x8 ./startup/startup_mcxa153.o
                0x00003cf0                Reserved85_IRQHandler
 .text.Reserved86_IRQHandler
                0x00003cf8        0x8 ./startup/startup_mcxa153.o
                0x00003cf8                Reserved86_IRQHandler
 .text.GPIO0_IRQHandler
                0x00003d00        0x8 ./startup/startup_mcxa153.o
                0x00003d00                GPIO0_IRQHandler
 .text.GPIO1_IRQHandler
                0x00003d08        0x8 ./startup/startup_mcxa153.o
                0x00003d08                GPIO1_IRQHandler
 .text.GPIO2_IRQHandler
                0x00003d10        0x8 ./startup/startup_mcxa153.o
                0x00003d10                GPIO2_IRQHandler
 .text.GPIO3_IRQHandler
                0x00003d18        0x8 ./startup/startup_mcxa153.o
                0x00003d18                GPIO3_IRQHandler
 .text.GPIO_PinWrite
                0x00003d20       0x34 ./source/pwm.o
 .text.PWM_StartTimer
                0x00003d54       0x36 ./source/pwm.o
 .text.PWM_SetPwmLdok
                0x00003d8a       0x5e ./source/pwm.o
 .text.HardFault_Handler
                0x00003de8       0x36 ./source/semihost_hardfault.o
                0x00003de8                HardFault_Handler
 .text.CLOCK_AttachClk
                0x00003e1e       0x30 ./drivers/fsl_clock.o
                0x00003e1e                CLOCK_AttachClk
 .text.DelayLoop
                0x00003e4e       0x1e ./drivers/fsl_common_arm.o
 .text.GPIO_PinWrite
                0x00003e6c       0x34 ./drivers/fsl_gpio.o
 .text.RESET_ReleasePeripheralReset
                0x00003ea0       0x1a ./drivers/fsl_inputmux.o
 .text.INPUTMUX_Init
                0x00003eba       0x2c ./drivers/fsl_inputmux.o
                0x00003eba                INPUTMUX_Init
 .text.INPUTMUX_AttachSignal
                0x00003ee6       0x36 ./drivers/fsl_inputmux.o
                0x00003ee6                INPUTMUX_AttachSignal
 .text.RESET_ReleasePeripheralReset
                0x00003f1c       0x1a ./drivers/fsl_lpuart.o
 .text.LPUART_SoftwareReset
                0x00003f36       0x2a ./drivers/fsl_lpuart.o
 .text.LPUART_WaitForReadData
                0x00003f60       0xd2 ./drivers/fsl_lpuart.o
 .text.RESET_ReleasePeripheralReset
                0x00004032       0x1a ./drivers/fsl_pwm.o
 .text.PWM_GetComplementU16
                0x0000404c       0x1a ./drivers/fsl_pwm.o
 .text.RESET_PeripheralReset
                0x00004066       0x22 ./drivers/fsl_reset.o
                0x00004066                RESET_PeripheralReset
 .text.SPC_GetActiveModeBandgapMode
                0x00004088       0x20 ./drivers/fsl_spc.o
 .text.SPC_GetActiveModeVoltageDetectStatus
                0x000040a8       0x20 ./drivers/fsl_spc.o
 .text.SPC_GetActiveModeCoreLDOVDDVoltageLevel
                0x000040c8       0x20 ./drivers/fsl_spc.o
 .text.SPC_GetActiveModeCoreLDODriveStrength
                0x000040e8       0x20 ./drivers/fsl_spc.o
 .text.SPC_SetActiveModeCoreLDORegulatorVoltageLevel
                0x00004108       0x60 ./drivers/fsl_spc.o
                0x00004108                SPC_SetActiveModeCoreLDORegulatorVoltageLevel
 .text.SPC_SetActiveModeCoreLDORegulatorDriveStrength
                0x00004168       0x5e ./drivers/fsl_spc.o
                0x00004168                SPC_SetActiveModeCoreLDORegulatorDriveStrength
 .text.SystemInitHook
                0x000041c6        0xc ./device/system_MCXA153.o
                0x000041c6                SystemInitHook
 .text.HAL_UartGetStatus
                0x000041d2       0x26 ./component/uart/fsl_adapter_lpuart.o
 .text.RESET_ReleasePeripheralReset
                0x000041f8       0x1a ./board/clock_config.o
 .text.BOARD_InitBootClocks
                0x00004212        0xc ./board/clock_config.o
                0x00004212                BOARD_InitBootClocks
 .text.RESET_ReleasePeripheralReset
                0x0000421e       0x1a ./board/pin_mux.o
 .text.PORT_SetPinMux
                0x00004238       0x3c ./board/pin_mux.o
 .text.BOARD_InitBootPins
                0x00004274        0xc ./board/pin_mux.o
                0x00004274                BOARD_InitBootPins
 .text.__main   0x00004280        0xe C:/nxp/MCUXpressoIDE_25.6.136/ide/plugins/com.nxp.mcuxpresso.tools.win32_25.6.0.202501151204/tools/bin/../lib/gcc/arm-none-eabi/14.2.1/../../../../arm-none-eabi/lib/thumb/v8-m.main/nofp\libcr_nohost_nf.a(_cr__main.o)
                0x00004280                __main
 .text.memset   0x0000428e        0x4 C:/nxp/MCUXpressoIDE_25.6.136/ide/plugins/com.nxp.mcuxpresso.tools.win32_25.6.0.202501151204/tools/bin/../lib/gcc/arm-none-eabi/14.2.1/../../../../arm-none-eabi/lib/thumb/v8-m.main/nofp\libcr_c.a(memset.o)
                0x0000428e                memset
 .text.free     0x00004292       0x30 C:/nxp/MCUXpressoIDE_25.6.136/ide/plugins/com.nxp.mcuxpresso.tools.win32_25.6.0.202501151204/tools/bin/../lib/gcc/arm-none-eabi/14.2.1/../../../../arm-none-eabi/lib/thumb/v8-m.main/nofp\libcr_c.a(alloc.o)
                0x00004292                free
 .text.setvbuf  0x000042c2       0x3e C:/nxp/MCUXpressoIDE_25.6.136/ide/plugins/com.nxp.mcuxpresso.tools.win32_25.6.0.202501151204/tools/bin/../lib/gcc/arm-none-eabi/14.2.1/../../../../arm-none-eabi/lib/thumb/v8-m.main/nofp\libcr_c.a(setvbuf.o)
                0x000042c2                setvbuf
 .text.strlen   0x00004300       0x4e C:/nxp/MCUXpressoIDE_25.6.136/ide/plugins/com.nxp.mcuxpresso.tools.win32_25.6.0.202501151204/tools/bin/../lib/gcc/arm-none-eabi/14.2.1/../../../../arm-none-eabi/lib/thumb/v8-m.main/nofp\libcr_c.a(strlen.o)
                0x00004300                strlen
 .text._deferredlazyseek
                0x0000434e       0x40 C:/nxp/MCUXpressoIDE_25.6.136/ide/plugins/com.nxp.mcuxpresso.tools.win32_25.6.0.202501151204/tools/bin/../lib/gcc/arm-none-eabi/14.2.1/../../../../arm-none-eabi/lib/thumb/v8-m.main/nofp\libcr_c.a(_deferredlazyseek.o)
                0x0000434e                _deferredlazyseek
 .text._fdopen  0x0000438e       0x68 C:/nxp/MCUXpressoIDE_25.6.136/ide/plugins/com.nxp.mcuxpresso.tools.win32_25.6.0.202501151204/tools/bin/../lib/gcc/arm-none-eabi/14.2.1/../../../../arm-none-eabi/lib/thumb/v8-m.main/nofp\libcr_c.a(_fdopen.o)
                0x0000438e                _fdopen
 .text._fflush  0x000043f6       0x52 C:/nxp/MCUXpressoIDE_25.6.136/ide/plugins/com.nxp.mcuxpresso.tools.win32_25.6.0.202501151204/tools/bin/../lib/gcc/arm-none-eabi/14.2.1/../../../../arm-none-eabi/lib/thumb/v8-m.main/nofp\libcr_c.a(_fflush.o)
                0x000043f6                _fflush
 .text.fclose   0x00004448       0x58 C:/nxp/MCUXpressoIDE_25.6.136/ide/plugins/com.nxp.mcuxpresso.tools.win32_25.6.0.202501151204/tools/bin/../lib/gcc/arm-none-eabi/14.2.1/../../../../arm-none-eabi/lib/thumb/v8-m.main/nofp\libcr_c.a(fclose.o)
                0x00004448                fclose
 .text.remove   0x000044a0       0x14 C:/nxp/MCUXpressoIDE_25.6.136/ide/plugins/com.nxp.mcuxpresso.tools.win32_25.6.0.202501151204/tools/bin/../lib/gcc/arm-none-eabi/14.2.1/../../../../arm-none-eabi/lib/thumb/v8-m.main/nofp\libcr_c.a(remove.o)
                0x000044a0                remove
 .text._do_fflush
                0x000044b4       0x40 C:/nxp/MCUXpressoIDE_25.6.136/ide/plugins/com.nxp.mcuxpresso.tools.win32_25.6.0.202501151204/tools/bin/../lib/gcc/arm-none-eabi/14.2.1/../../../../arm-none-eabi/lib/thumb/v8-m.main/nofp\libcr_c.a(_do_fflush.o)
                0x000044b4                _do_fflush
 .text.__aeabi_division_uldivmod
                0x000044f4      0x174 C:/nxp/MCUXpressoIDE_25.6.136/ide/plugins/com.nxp.mcuxpresso.tools.win32_25.6.0.202501151204/tools/bin/../lib/gcc/arm-none-eabi/14.2.1/thumb/v8-m.main/nofp\libcr_eabihelpers.a(division_64.o)
                0x000044f4                __aeabi_uldivmod
                0x000044f8                __bhs_ldivmod1
 .text.__aeabi_division_idiv0
                0x00004668        0x2 C:/nxp/MCUXpressoIDE_25.6.136/ide/plugins/com.nxp.mcuxpresso.tools.win32_25.6.0.202501151204/tools/bin/../lib/gcc/arm-none-eabi/14.2.1/thumb/v8-m.main/nofp\libcr_eabihelpers.a(division_idiv0.o)
                0x00004668                __aeabi_idiv0
 .text.__aeabi_memset_lowlevel
                0x0000466a       0x32 C:/nxp/MCUXpressoIDE_25.6.136/ide/plugins/com.nxp.mcuxpresso.tools.win32_25.6.0.202501151204/tools/bin/../lib/gcc/arm-none-eabi/14.2.1/thumb/v8-m.main/nofp\libcr_eabihelpers.a(memcpy.o)
                0x0000466a                __aeabi_lowlevel_memset
 .text.__sys_close
                0x0000469c        0x6 C:/nxp/MCUXpressoIDE_25.6.136/ide/plugins/com.nxp.mcuxpresso.tools.win32_25.6.0.202501151204/tools/bin/../lib/gcc/arm-none-eabi/14.2.1/../../../../arm-none-eabi/lib/thumb/v8-m.main/nofp\libcr_nohost_nf.a(__sys_close.o)
                0x0000469c                __sys_close
 .text.__sys_flen
                0x000046a2        0x6 C:/nxp/MCUXpressoIDE_25.6.136/ide/plugins/com.nxp.mcuxpresso.tools.win32_25.6.0.202501151204/tools/bin/../lib/gcc/arm-none-eabi/14.2.1/../../../../arm-none-eabi/lib/thumb/v8-m.main/nofp\libcr_nohost_nf.a(__sys_flen.o)
                0x000046a2                __sys_flen
 .text.__sys_istty
                0x000046a8        0x6 C:/nxp/MCUXpressoIDE_25.6.136/ide/plugins/com.nxp.mcuxpresso.tools.win32_25.6.0.202501151204/tools/bin/../lib/gcc/arm-none-eabi/14.2.1/../../../../arm-none-eabi/lib/thumb/v8-m.main/nofp\libcr_nohost_nf.a(__sys_istty.o)
                0x000046a8                __sys_istty
 .text.__sys_remove
                0x000046ae        0x6 C:/nxp/MCUXpressoIDE_25.6.136/ide/plugins/com.nxp.mcuxpresso.tools.win32_25.6.0.202501151204/tools/bin/../lib/gcc/arm-none-eabi/14.2.1/../../../../arm-none-eabi/lib/thumb/v8-m.main/nofp\libcr_nohost_nf.a(__sys_remove.o)
                0x000046ae                __sys_remove
 .text.__sys_seek
                0x000046b4        0x6 C:/nxp/MCUXpressoIDE_25.6.136/ide/plugins/com.nxp.mcuxpresso.tools.win32_25.6.0.202501151204/tools/bin/../lib/gcc/arm-none-eabi/14.2.1/../../../../arm-none-eabi/lib/thumb/v8-m.main/nofp\libcr_nohost_nf.a(__sys_seek.o)
                0x000046b4                __sys_seek
 .text.__sys_tmpnam
                0x000046ba        0x6 C:/nxp/MCUXpressoIDE_25.6.136/ide/plugins/com.nxp.mcuxpresso.tools.win32_25.6.0.202501151204/tools/bin/../lib/gcc/arm-none-eabi/14.2.1/../../../../arm-none-eabi/lib/thumb/v8-m.main/nofp\libcr_nohost_nf.a(__sys_tmpnam.o)
                0x000046ba                __sys_tmpnam
 .text.__sys_write
                0x000046c0        0x4 C:/nxp/MCUXpressoIDE_25.6.136/ide/plugins/com.nxp.mcuxpresso.tools.win32_25.6.0.202501151204/tools/bin/../lib/gcc/arm-none-eabi/14.2.1/../../../../arm-none-eabi/lib/thumb/v8-m.main/nofp\libcr_nohost_nf.a(__sys_write.o)
                0x000046c0                __sys_write
 *(SORT_BY_ALIGNMENT(.rodata) SORT_BY_ALIGNMENT(.rodata.*) SORT_BY_ALIGNMENT(.constdata) SORT_BY_ALIGNMENT(.constdata.*))
 .rodata.__assertion_failed.str1.4
                0x000046c4      0x879 ./utilities/fsl_assert.o
                                 0x14 (size before relaxing)
 .rodata.PWM_SetupFaultDisableMap.str1.4
                0x00004f3d       0x50 ./source/pwm.o
 .rodata.main.str1.4
                0x00004f3d       0x33 ./source/pwm.o
 .rodata.CLOCK_SetClockSelect.str1.4
                0x00004f3d       0x2c ./drivers/fsl_clock.o
 .rodata.CLOCK_SetClockDiv.str1.4
                0x00004f3d       0x2c ./drivers/fsl_clock.o
 .rodata.SDK_DelayAtLeastUs.str1.4
                0x00004f3d       0x2b ./drivers/fsl_common_arm.o
 *fill*         0x00004f3d        0x3 ff
 .rodata.s_gpioBases
                0x00004f40       0x10 ./drivers/fsl_gpio.o
 .rodata.s_gpioClockName
                0x00004f50       0x10 ./drivers/fsl_gpio.o
 .rodata.GPIO_GetInstance.str1.4
                0x00004f60       0x34 ./drivers/fsl_gpio.o
 .rodata.GPIO_PortClockEnable.str1.4
                0x00004f60       0x38 ./drivers/fsl_gpio.o
 .rodata.GPIO_PinInit.str1.4
                0x00004f60       0x20 ./drivers/fsl_gpio.o
 .rodata.INPUTMUX_GetInstance.str1.4
                0x00004f60       0x3b ./drivers/fsl_inputmux.o
 .rodata.s_lpuartBases
                0x00004f60        0xc ./drivers/fsl_lpuart.o
 .rodata.s_lpuartClock
                0x00004f6c        0xc ./drivers/fsl_lpuart.o
 .rodata.s_lpuartResets
                0x00004f78        0x6 ./drivers/fsl_lpuart.o
 .rodata.LPUART_GetInstance.str1.4
                0x00004f7e       0x38 ./drivers/fsl_lpuart.o
 .rodata.LPUART_Init.str1.4
                0x00004f7e      0x10a ./drivers/fsl_lpuart.o
 .rodata.LPUART_GetDefaultConfig.str1.4
                0x00004f7e       0x22 ./drivers/fsl_lpuart.o
 .rodata.LPUART_WriteBlocking.str1.4
                0x00004f7e       0x21 ./drivers/fsl_lpuart.o
 .rodata.LPUART_ReadBlocking.str1.4
                0x00004f7e       0x21 ./drivers/fsl_lpuart.o
 *fill*         0x00004f7e        0x2 ff
 .rodata.s_pwmClocks
                0x00004f80        0xc ./drivers/fsl_pwm.o
 .rodata.PWM_GetInstance.str1.4
                0x00004f8c       0x31 ./drivers/fsl_pwm.o
 .rodata.PWM_SetPeriodRegister.str1.4
                0x00004f8c       0x16 ./drivers/fsl_pwm.o
 .rodata.PWM_SetDutycycleRegister.str1.4
                0x00004f8c       0x16 ./drivers/fsl_pwm.o
 .rodata.PWM_Init.str1.4
                0x00004f8c       0x46 ./drivers/fsl_pwm.o
 .rodata.PWM_GetDefaultConfig.str1.4
                0x00004f8c       0x17 ./drivers/fsl_pwm.o
 .rodata.PWM_SetupPwm.str1.4
                0x00004f8c       0xa6 ./drivers/fsl_pwm.o
 .rodata.PWM_UpdatePwmDutycycle.str1.4
                0x00004f8c       0x29 ./drivers/fsl_pwm.o
 .rodata.PWM_SetupFaults.str1.4
                0x00004f8c       0x33 ./drivers/fsl_pwm.o
 .rodata.PWM_FaultDefaultConfig.str1.4
                0x00004f8c       0x18 ./drivers/fsl_pwm.o
 .rodata.RESET_SetPeripheralReset.str1.4
                0x00004f8c       0x3f ./drivers/fsl_reset.o
 .rodata.RESET_ClearPeripheralReset.str1.4
                0x00004f8c       0x1e ./drivers/fsl_reset.o
 .rodata.SPC_SetSRAMOperateVoltage.str1.4
                0x00004f8c       0x1f ./drivers/fsl_spc.o
 .rodata.SPC_SetActiveModeCoreLDORegulatorConfig.str1.4
                0x00004f8c       0x1f ./drivers/fsl_spc.o
 .rodata.s_LpuartAdapterBase
                0x00004f8c        0xc ./component/uart/fsl_adapter_lpuart.o
 .rodata.HAL_UartInit.str1.4
                0x00004f98      0x116 ./component/uart/fsl_adapter_lpuart.o
 .rodata.HAL_UartReceiveBlocking.str1.4
                0x00004f98       0x7b ./component/uart/fsl_adapter_lpuart.o
 .rodata.HAL_UartSendBlocking.str1.4
                0x00004f98       0x7b ./component/uart/fsl_adapter_lpuart.o
 .rodata.PORT_SetPinConfig.str1.4
                0x00004f98       0x51 ./board/pin_mux.o
 .rodata.__num_Ciob_streams
                0x00004f98        0x4 C:/nxp/MCUXpressoIDE_25.6.136/ide/plugins/com.nxp.mcuxpresso.tools.win32_25.6.0.202501151204/tools/bin/../lib/gcc/arm-none-eabi/14.2.1/../../../../arm-none-eabi/lib/thumb/v8-m.main/nofp\libcr_nohost_nf.a(__ciob.o)
                0x00004f98                __num_Ciob_streams
 .rodata._initio.str1.1
                0x00004f9c        0x4 C:/nxp/MCUXpressoIDE_25.6.136/ide/plugins/com.nxp.mcuxpresso.tools.win32_25.6.0.202501151204/tools/bin/../lib/gcc/arm-none-eabi/14.2.1/../../../../arm-none-eabi/lib/thumb/v8-m.main/nofp\libcr_c.a(initio.o)
                0x000050b0                        . = ALIGN (0x4)

.glue_7         0x00004fa0        0x0
 .glue_7        0x00004fa0        0x0 linker stubs

.glue_7t        0x00004fa0        0x0
 .glue_7t       0x00004fa0        0x0 linker stubs

.vfp11_veneer   0x00004fa0        0x0
 .vfp11_veneer  0x00004fa0        0x0 linker stubs

.v4_bx          0x00004fa0        0x0
 .v4_bx         0x00004fa0        0x0 linker stubs

.iplt           0x00004fa0        0x0
 .iplt          0x00004fa0        0x0 ./utilities/debug_console_lite/fsl_debug_console.o

.rel.dyn        0x00004fa0        0x0
 .rel.iplt      0x00004fa0        0x0 ./utilities/debug_console_lite/fsl_debug_console.o

.ARM.extab
 *(SORT_BY_ALIGNMENT(.ARM.extab*) SORT_BY_ALIGNMENT(.gnu.linkonce.armextab.*))

.ARM.exidx      0x00004fa0        0x0
                0x00004fa0                        __exidx_start = .
 *(SORT_BY_ALIGNMENT(.ARM.exidx*) SORT_BY_ALIGNMENT(.gnu.linkonce.armexidx.*))
                0x00004fa0                        __exidx_end = .
                0x00004fa0                        _etext = .

.data_RAM2      0x04000000        0x0 load address 0x00004fa0
 FILL mask 0xff
                [!provide]                        PROVIDE (__start_data_RAM2 = .)
                [!provide]                        PROVIDE (__start_data_SRAMX0 = .)
 *(SORT_BY_ALIGNMENT(.ramfunc.$RAM2))
 *(SORT_BY_ALIGNMENT(.ramfunc.$SRAMX0))
 *(SORT_BY_ALIGNMENT(.data.$RAM2))
 *(SORT_BY_ALIGNMENT(.data.$SRAMX0))
 *(SORT_BY_ALIGNMENT(.data.$RAM2.*))
 *(SORT_BY_ALIGNMENT(.data.$SRAMX0.*))
                0x04000000                        . = ALIGN (0x4)
                [!provide]                        PROVIDE (__end_data_RAM2 = .)
                [!provide]                        PROVIDE (__end_data_SRAMX0 = .)

.data_RAM3      0x04002000        0x0 load address 0x00004fa0
 FILL mask 0xff
                [!provide]                        PROVIDE (__start_data_RAM3 = .)
                [!provide]                        PROVIDE (__start_data_SRAMX1 = .)
 *(SORT_BY_ALIGNMENT(.ramfunc.$RAM3))
 *(SORT_BY_ALIGNMENT(.ramfunc.$SRAMX1))
 *(SORT_BY_ALIGNMENT(.data.$RAM3))
 *(SORT_BY_ALIGNMENT(.data.$SRAMX1))
 *(SORT_BY_ALIGNMENT(.data.$RAM3.*))
 *(SORT_BY_ALIGNMENT(.data.$SRAMX1.*))
                0x04002000                        . = ALIGN (0x4)
                [!provide]                        PROVIDE (__end_data_RAM3 = .)
                [!provide]                        PROVIDE (__end_data_SRAMX1 = .)

.uninit_RESERVED
                0x20000000        0x0
                0x20000000                        _start_uninit_RESERVED = .
 *(SORT_BY_ALIGNMENT(.bss.$RESERVED*))
                0x20000000                        . = ALIGN (0x4)
                0x20000000                        _end_uninit_RESERVED = .

.data           0x20000000        0x8 load address 0x00004fa0
 FILL mask 0xff
                0x20000000                        _data = .
                [!provide]                        PROVIDE (__start_data_RAM = .)
                [!provide]                        PROVIDE (__start_data_SRAM = .)
 *(SORT_BY_ALIGNMENT(vtable))
 *(SORT_BY_ALIGNMENT(.ramfunc*))
 *(SORT_BY_ALIGNMENT(CodeQuickAccess))
 *(SORT_BY_ALIGNMENT(DataQuickAccess))
 *(SORT_BY_ALIGNMENT(RamFunction))
 *(SORT_BY_ALIGNMENT(.data*))
 .data.s_Ext_Clk_Freq
                0x20000000        0x4 ./drivers/fsl_clock.o
 .data.SystemCoreClock
                0x20000004        0x4 ./device/system_MCXA153.o
                0x20000004                SystemCoreClock
                0x20000008                        . = ALIGN (0x4)
                0x20000008                        _edata = .
                [!provide]                        PROVIDE (__end_data_RAM = .)
                [!provide]                        PROVIDE (__end_data_SRAM = .)

.igot.plt       0x20000008        0x0 load address 0x00004fa8
 .igot.plt      0x20000008        0x0 ./utilities/debug_console_lite/fsl_debug_console.o

.bss_RAM2       0x04000000        0x0
                [!provide]                        PROVIDE (__start_bss_RAM2 = .)
                [!provide]                        PROVIDE (__start_bss_SRAMX0 = .)
 *(SORT_BY_ALIGNMENT(.bss.$RAM2))
 *(SORT_BY_ALIGNMENT(.bss.$SRAMX0))
 *(SORT_BY_ALIGNMENT(.bss.$RAM2.*))
 *(SORT_BY_ALIGNMENT(.bss.$SRAMX0.*))
                0x04000000                        . = ALIGN ((. != 0x0)?0x4:0x1)
                [!provide]                        PROVIDE (__end_bss_RAM2 = .)
                [!provide]                        PROVIDE (__end_bss_SRAMX0 = .)

.bss_RAM3       0x04002000        0x0
                [!provide]                        PROVIDE (__start_bss_RAM3 = .)
                [!provide]                        PROVIDE (__start_bss_SRAMX1 = .)
 *(SORT_BY_ALIGNMENT(.bss.$RAM3))
 *(SORT_BY_ALIGNMENT(.bss.$SRAMX1))
 *(SORT_BY_ALIGNMENT(.bss.$RAM3.*))
 *(SORT_BY_ALIGNMENT(.bss.$SRAMX1.*))
                0x04002000                        . = ALIGN ((. != 0x0)?0x4:0x1)
                [!provide]                        PROVIDE (__end_bss_RAM3 = .)
                [!provide]                        PROVIDE (__end_bss_SRAMX1 = .)

.bss            0x20000008       0xf0
                0x20000008                        _bss = .
                [!provide]                        PROVIDE (__start_bss_RAM = .)
                [!provide]                        PROVIDE (__start_bss_SRAM = .)
 *(SORT_BY_ALIGNMENT(.bss*))
 .bss.s_debugConsole
                0x20000008       0x14 ./utilities/debug_console_lite/fsl_debug_console.o
 .bss.s_lpuartHandle
                0x2000001c        0xc ./drivers/fsl_lpuart.o
                0x2000001c                s_lpuartHandle
 .bss.s_lpuartIsr
                0x20000028        0xc ./drivers/fsl_lpuart.o
                0x20000028                s_lpuartIsr
 .bss.s_pwmGetPwmDutyCycle
                0x20000034        0x9 ./drivers/fsl_pwm.o
 *fill*         0x2000003d        0x3 
 .bss.errno     0x20000040        0x4 C:/nxp/MCUXpressoIDE_25.6.136/ide/plugins/com.nxp.mcuxpresso.tools.win32_25.6.0.202501151204/tools/bin/../lib/gcc/arm-none-eabi/14.2.1/../../../../arm-none-eabi/lib/thumb/v8-m.main/nofp\libcr_c.a(errno.o)
                0x20000040                errno
 .bss.__Ciob    0x20000044       0xb4 C:/nxp/MCUXpressoIDE_25.6.136/ide/plugins/com.nxp.mcuxpresso.tools.win32_25.6.0.202501151204/tools/bin/../lib/gcc/arm-none-eabi/14.2.1/../../../../arm-none-eabi/lib/thumb/v8-m.main/nofp\libcr_nohost_nf.a(__ciob.o)
                0x20000044                __Ciob
 *(SORT_BY_ALIGNMENT(COMMON))
                0x200000f8                        . = ALIGN (0x4)
                0x200000f8                        _ebss = .
                [!provide]                        PROVIDE (__end_bss_RAM = .)
                [!provide]                        PROVIDE (__end_bss_SRAM = .)
                [!provide]                        PROVIDE (end = .)

.noinit_RAM2    0x04000000        0x0
                [!provide]                        PROVIDE (__start_noinit_RAM2 = .)
                [!provide]                        PROVIDE (__start_noinit_SRAMX0 = .)
 *(SORT_BY_ALIGNMENT(.noinit.$RAM2))
 *(SORT_BY_ALIGNMENT(.noinit.$SRAMX0))
 *(SORT_BY_ALIGNMENT(.noinit.$RAM2.*))
 *(SORT_BY_ALIGNMENT(.noinit.$SRAMX0.*))
                0x04000000                        . = ALIGN (0x4)
                [!provide]                        PROVIDE (__end_noinit_RAM2 = .)
                [!provide]                        PROVIDE (__end_noinit_SRAMX0 = .)

.noinit_RAM3    0x04002000        0x0
                [!provide]                        PROVIDE (__start_noinit_RAM3 = .)
                [!provide]                        PROVIDE (__start_noinit_SRAMX1 = .)
 *(SORT_BY_ALIGNMENT(.noinit.$RAM3))
 *(SORT_BY_ALIGNMENT(.noinit.$SRAMX1))
 *(SORT_BY_ALIGNMENT(.noinit.$RAM3.*))
 *(SORT_BY_ALIGNMENT(.noinit.$SRAMX1.*))
                0x04002000                        . = ALIGN (0x4)
                [!provide]                        PROVIDE (__end_noinit_RAM3 = .)
                [!provide]                        PROVIDE (__end_noinit_SRAMX1 = .)

.noinit         0x200000f8        0x0
                0x200000f8                        _noinit = .
                [!provide]                        PROVIDE (__start_noinit_RAM = .)
                [!provide]                        PROVIDE (__start_noinit_SRAM = .)
 *(SORT_BY_ALIGNMENT(.noinit*))
                0x200000f8                        . = ALIGN (0x4)
                0x200000f8                        _end_noinit = .
                [!provide]                        PROVIDE (__end_noinit_RAM = .)
                [!provide]                        PROVIDE (__end_noinit_SRAM = .)
                0x00000600                        _HeapSize = 0x600

.heap           0x200000f8      0x600
                0x200000f8                        _pvHeapStart = .
                0x200006f8                        . = (. + _HeapSize)
 *fill*         0x200000f8      0x600 
                0x200006f8                        . = ALIGN (0x4)
                0x200006f8                        _pvHeapLimit = .
                0x00000600                        _StackSize = 0x600

.heap2stackfill
                0x200006f8      0x600
                0x20000cf8                        . = (. + _StackSize)
 *fill*         0x200006f8      0x600 

.stack          0x20005a00        0x0
                0x20005a00                        _vStackBase = .
                0x20005a00                        . = ALIGN (0x4)
                0x20006000                        _vStackTop = (. + _StackSize)
                0x00000000                        _image_start = LOADADDR (.text)
                0x00004fa8                        _image_end = (LOADADDR (.data) + SIZEOF (.data))
                0x00004fa8                        _image_size = (_image_end - _image_start)
OUTPUT(frdmmcxa153_pwm.axf elf32-littlearm)
LOAD linker stubs

.debug_info     0x00000000    0x1b142
 .debug_info    0x00000000      0xdb2 ./utilities/debug_console_lite/fsl_debug_console.o
 .debug_info    0x00000db2      0x1c2 ./utilities/fsl_assert.o
 .debug_info    0x00000f74       0x24 ./utilities/fsl_memcpy.o
 .debug_info    0x00000f98      0xb86 ./startup/startup_mcxa153.o
 .debug_info    0x00001b1e      0xfab ./source/pwm.o
 .debug_info    0x00002ac9       0x3c ./source/semihost_hardfault.o
 .debug_info    0x00002b05     0x205d ./drivers/fsl_clock.o
 .debug_info    0x00004b62      0x384 ./drivers/fsl_common_arm.o
 .debug_info    0x00004ee6     0x12ff ./drivers/fsl_gpio.o
 .debug_info    0x000061e5     0x3e82 ./drivers/fsl_inputmux.o
 .debug_info    0x0000a067     0x2d3a ./drivers/fsl_lpuart.o
 .debug_info    0x0000cda1     0x245c ./drivers/fsl_pwm.o
 .debug_info    0x0000f1fd      0xa36 ./drivers/fsl_reset.o
 .debug_info    0x0000fc33      0xfe3 ./drivers/fsl_spc.o
 .debug_info    0x00010c16     0x1042 ./device/system_MCXA153.o
 .debug_info    0x00011c58      0xcd4 ./component/uart/fsl_adapter_lpuart.o
 .debug_info    0x0001292c      0x6b1 ./board/board.o
 .debug_info    0x00012fdd     0x191f ./board/clock_config.o
 .debug_info    0x000148fc     0x2ee6 ./board/hardware_init.o
 .debug_info    0x000177e2      0xfe1 ./board/pin_mux.o
 .debug_info    0x000187c3       0x85 C:/nxp/MCUXpressoIDE_25.6.136/ide/plugins/com.nxp.mcuxpresso.tools.win32_25.6.0.202501151204/tools/bin/../lib/gcc/arm-none-eabi/14.2.1/../../../../arm-none-eabi/lib/thumb/v8-m.main/nofp\libcr_nohost_nf.a(_cr__main.o)
 .debug_info    0x00018848       0xfc C:/nxp/MCUXpressoIDE_25.6.136/ide/plugins/com.nxp.mcuxpresso.tools.win32_25.6.0.202501151204/tools/bin/../lib/gcc/arm-none-eabi/14.2.1/../../../../arm-none-eabi/lib/thumb/v8-m.main/nofp\libcr_c.a(memset.o)
 .debug_info    0x00018944      0x520 C:/nxp/MCUXpressoIDE_25.6.136/ide/plugins/com.nxp.mcuxpresso.tools.win32_25.6.0.202501151204/tools/bin/../lib/gcc/arm-none-eabi/14.2.1/../../../../arm-none-eabi/lib/thumb/v8-m.main/nofp\libcr_c.a(alloc.o)
 .debug_info    0x00018e64       0x44 C:/nxp/MCUXpressoIDE_25.6.136/ide/plugins/com.nxp.mcuxpresso.tools.win32_25.6.0.202501151204/tools/bin/../lib/gcc/arm-none-eabi/14.2.1/../../../../arm-none-eabi/lib/thumb/v8-m.main/nofp\libcr_c.a(errno.o)
 .debug_info    0x00018ea8      0x339 C:/nxp/MCUXpressoIDE_25.6.136/ide/plugins/com.nxp.mcuxpresso.tools.win32_25.6.0.202501151204/tools/bin/../lib/gcc/arm-none-eabi/14.2.1/../../../../arm-none-eabi/lib/thumb/v8-m.main/nofp\libcr_c.a(initio.o)
 .debug_info    0x000191e1      0x1fd C:/nxp/MCUXpressoIDE_25.6.136/ide/plugins/com.nxp.mcuxpresso.tools.win32_25.6.0.202501151204/tools/bin/../lib/gcc/arm-none-eabi/14.2.1/../../../../arm-none-eabi/lib/thumb/v8-m.main/nofp\libcr_c.a(setvbuf.o)
 .debug_info    0x000193de       0xe1 C:/nxp/MCUXpressoIDE_25.6.136/ide/plugins/com.nxp.mcuxpresso.tools.win32_25.6.0.202501151204/tools/bin/../lib/gcc/arm-none-eabi/14.2.1/../../../../arm-none-eabi/lib/thumb/v8-m.main/nofp\libcr_c.a(strlen.o)
 .debug_info    0x000194bf      0x396 C:/nxp/MCUXpressoIDE_25.6.136/ide/plugins/com.nxp.mcuxpresso.tools.win32_25.6.0.202501151204/tools/bin/../lib/gcc/arm-none-eabi/14.2.1/../../../../arm-none-eabi/lib/thumb/v8-m.main/nofp\libcr_c.a(_deferredlazyseek.o)
 .debug_info    0x00019855      0x24b C:/nxp/MCUXpressoIDE_25.6.136/ide/plugins/com.nxp.mcuxpresso.tools.win32_25.6.0.202501151204/tools/bin/../lib/gcc/arm-none-eabi/14.2.1/../../../../arm-none-eabi/lib/thumb/v8-m.main/nofp\libcr_c.a(_fdopen.o)
 .debug_info    0x00019aa0      0x1e3 C:/nxp/MCUXpressoIDE_25.6.136/ide/plugins/com.nxp.mcuxpresso.tools.win32_25.6.0.202501151204/tools/bin/../lib/gcc/arm-none-eabi/14.2.1/../../../../arm-none-eabi/lib/thumb/v8-m.main/nofp\libcr_c.a(_fflush.o)
 .debug_info    0x00019c83      0x289 C:/nxp/MCUXpressoIDE_25.6.136/ide/plugins/com.nxp.mcuxpresso.tools.win32_25.6.0.202501151204/tools/bin/../lib/gcc/arm-none-eabi/14.2.1/../../../../arm-none-eabi/lib/thumb/v8-m.main/nofp\libcr_c.a(_writebuf.o)
 .debug_info    0x00019f0c      0x31e C:/nxp/MCUXpressoIDE_25.6.136/ide/plugins/com.nxp.mcuxpresso.tools.win32_25.6.0.202501151204/tools/bin/../lib/gcc/arm-none-eabi/14.2.1/../../../../arm-none-eabi/lib/thumb/v8-m.main/nofp\libcr_c.a(fclose.o)
 .debug_info    0x0001a22a      0x209 C:/nxp/MCUXpressoIDE_25.6.136/ide/plugins/com.nxp.mcuxpresso.tools.win32_25.6.0.202501151204/tools/bin/../lib/gcc/arm-none-eabi/14.2.1/../../../../arm-none-eabi/lib/thumb/v8-m.main/nofp\libcr_c.a(fflush.o)
 .debug_info    0x0001a433      0x276 C:/nxp/MCUXpressoIDE_25.6.136/ide/plugins/com.nxp.mcuxpresso.tools.win32_25.6.0.202501151204/tools/bin/../lib/gcc/arm-none-eabi/14.2.1/../../../../arm-none-eabi/lib/thumb/v8-m.main/nofp\libcr_c.a(fseek.o)
 .debug_info    0x0001a6a9      0x197 C:/nxp/MCUXpressoIDE_25.6.136/ide/plugins/com.nxp.mcuxpresso.tools.win32_25.6.0.202501151204/tools/bin/../lib/gcc/arm-none-eabi/14.2.1/../../../../arm-none-eabi/lib/thumb/v8-m.main/nofp\libcr_c.a(ftell.o)
 .debug_info    0x0001a840      0x1d7 C:/nxp/MCUXpressoIDE_25.6.136/ide/plugins/com.nxp.mcuxpresso.tools.win32_25.6.0.202501151204/tools/bin/../lib/gcc/arm-none-eabi/14.2.1/../../../../arm-none-eabi/lib/thumb/v8-m.main/nofp\libcr_c.a(remove.o)
 .debug_info    0x0001aa17      0x23a C:/nxp/MCUXpressoIDE_25.6.136/ide/plugins/com.nxp.mcuxpresso.tools.win32_25.6.0.202501151204/tools/bin/../lib/gcc/arm-none-eabi/14.2.1/../../../../arm-none-eabi/lib/thumb/v8-m.main/nofp\libcr_c.a(_do_fflush.o)
 .debug_info    0x0001ac51      0x18b C:/nxp/MCUXpressoIDE_25.6.136/ide/plugins/com.nxp.mcuxpresso.tools.win32_25.6.0.202501151204/tools/bin/../lib/gcc/arm-none-eabi/14.2.1/../../../../arm-none-eabi/lib/thumb/v8-m.main/nofp\libcr_nohost_nf.a(__ciob.o)
 .debug_info    0x0001addc       0x6a C:/nxp/MCUXpressoIDE_25.6.136/ide/plugins/com.nxp.mcuxpresso.tools.win32_25.6.0.202501151204/tools/bin/../lib/gcc/arm-none-eabi/14.2.1/../../../../arm-none-eabi/lib/thumb/v8-m.main/nofp\libcr_nohost_nf.a(__sys_close.o)
 .debug_info    0x0001ae46       0x6a C:/nxp/MCUXpressoIDE_25.6.136/ide/plugins/com.nxp.mcuxpresso.tools.win32_25.6.0.202501151204/tools/bin/../lib/gcc/arm-none-eabi/14.2.1/../../../../arm-none-eabi/lib/thumb/v8-m.main/nofp\libcr_nohost_nf.a(__sys_flen.o)
 .debug_info    0x0001aeb0       0x6a C:/nxp/MCUXpressoIDE_25.6.136/ide/plugins/com.nxp.mcuxpresso.tools.win32_25.6.0.202501151204/tools/bin/../lib/gcc/arm-none-eabi/14.2.1/../../../../arm-none-eabi/lib/thumb/v8-m.main/nofp\libcr_nohost_nf.a(__sys_istty.o)
 .debug_info    0x0001af1a       0x8a C:/nxp/MCUXpressoIDE_25.6.136/ide/plugins/com.nxp.mcuxpresso.tools.win32_25.6.0.202501151204/tools/bin/../lib/gcc/arm-none-eabi/14.2.1/../../../../arm-none-eabi/lib/thumb/v8-m.main/nofp\libcr_nohost_nf.a(__sys_remove.o)
 .debug_info    0x0001afa4       0x78 C:/nxp/MCUXpressoIDE_25.6.136/ide/plugins/com.nxp.mcuxpresso.tools.win32_25.6.0.202501151204/tools/bin/../lib/gcc/arm-none-eabi/14.2.1/../../../../arm-none-eabi/lib/thumb/v8-m.main/nofp\libcr_nohost_nf.a(__sys_seek.o)
 .debug_info    0x0001b01c       0x93 C:/nxp/MCUXpressoIDE_25.6.136/ide/plugins/com.nxp.mcuxpresso.tools.win32_25.6.0.202501151204/tools/bin/../lib/gcc/arm-none-eabi/14.2.1/../../../../arm-none-eabi/lib/thumb/v8-m.main/nofp\libcr_nohost_nf.a(__sys_tmpnam.o)
 .debug_info    0x0001b0af       0x93 C:/nxp/MCUXpressoIDE_25.6.136/ide/plugins/com.nxp.mcuxpresso.tools.win32_25.6.0.202501151204/tools/bin/../lib/gcc/arm-none-eabi/14.2.1/../../../../arm-none-eabi/lib/thumb/v8-m.main/nofp\libcr_nohost_nf.a(__sys_write.o)

.debug_abbrev   0x00000000     0x3bd6
 .debug_abbrev  0x00000000      0x256 ./utilities/debug_console_lite/fsl_debug_console.o
 .debug_abbrev  0x00000256      0x114 ./utilities/fsl_assert.o
 .debug_abbrev  0x0000036a       0x14 ./utilities/fsl_memcpy.o
 .debug_abbrev  0x0000037e      0x134 ./startup/startup_mcxa153.o
 .debug_abbrev  0x000004b2      0x295 ./source/pwm.o
 .debug_abbrev  0x00000747       0x31 ./source/semihost_hardfault.o
 .debug_abbrev  0x00000778      0x31f ./drivers/fsl_clock.o
 .debug_abbrev  0x00000a97      0x16a ./drivers/fsl_common_arm.o
 .debug_abbrev  0x00000c01      0x250 ./drivers/fsl_gpio.o
 .debug_abbrev  0x00000e51      0x1fd ./drivers/fsl_inputmux.o
 .debug_abbrev  0x0000104e      0x45a ./drivers/fsl_lpuart.o
 .debug_abbrev  0x000014a8      0x2f8 ./drivers/fsl_pwm.o
 .debug_abbrev  0x000017a0      0x13d ./drivers/fsl_reset.o
 .debug_abbrev  0x000018dd      0x2d1 ./drivers/fsl_spc.o
 .debug_abbrev  0x00001bae      0x1d5 ./device/system_MCXA153.o
 .debug_abbrev  0x00001d83      0x1e7 ./component/uart/fsl_adapter_lpuart.o
 .debug_abbrev  0x00001f6a       0xf2 ./board/board.o
 .debug_abbrev  0x0000205c      0x26d ./board/clock_config.o
 .debug_abbrev  0x000022c9      0x10c ./board/hardware_init.o
 .debug_abbrev  0x000023d5      0x252 ./board/pin_mux.o
 .debug_abbrev  0x00002627       0x70 C:/nxp/MCUXpressoIDE_25.6.136/ide/plugins/com.nxp.mcuxpresso.tools.win32_25.6.0.202501151204/tools/bin/../lib/gcc/arm-none-eabi/14.2.1/../../../../arm-none-eabi/lib/thumb/v8-m.main/nofp\libcr_nohost_nf.a(_cr__main.o)
 .debug_abbrev  0x00002697       0xa8 C:/nxp/MCUXpressoIDE_25.6.136/ide/plugins/com.nxp.mcuxpresso.tools.win32_25.6.0.202501151204/tools/bin/../lib/gcc/arm-none-eabi/14.2.1/../../../../arm-none-eabi/lib/thumb/v8-m.main/nofp\libcr_c.a(memset.o)
 .debug_abbrev  0x0000273f      0x284 C:/nxp/MCUXpressoIDE_25.6.136/ide/plugins/com.nxp.mcuxpresso.tools.win32_25.6.0.202501151204/tools/bin/../lib/gcc/arm-none-eabi/14.2.1/../../../../arm-none-eabi/lib/thumb/v8-m.main/nofp\libcr_c.a(alloc.o)
 .debug_abbrev  0x000029c3       0x44 C:/nxp/MCUXpressoIDE_25.6.136/ide/plugins/com.nxp.mcuxpresso.tools.win32_25.6.0.202501151204/tools/bin/../lib/gcc/arm-none-eabi/14.2.1/../../../../arm-none-eabi/lib/thumb/v8-m.main/nofp\libcr_c.a(errno.o)
 .debug_abbrev  0x00002a07      0x169 C:/nxp/MCUXpressoIDE_25.6.136/ide/plugins/com.nxp.mcuxpresso.tools.win32_25.6.0.202501151204/tools/bin/../lib/gcc/arm-none-eabi/14.2.1/../../../../arm-none-eabi/lib/thumb/v8-m.main/nofp\libcr_c.a(initio.o)
 .debug_abbrev  0x00002b70       0xe1 C:/nxp/MCUXpressoIDE_25.6.136/ide/plugins/com.nxp.mcuxpresso.tools.win32_25.6.0.202501151204/tools/bin/../lib/gcc/arm-none-eabi/14.2.1/../../../../arm-none-eabi/lib/thumb/v8-m.main/nofp\libcr_c.a(setvbuf.o)
 .debug_abbrev  0x00002c51       0xa7 C:/nxp/MCUXpressoIDE_25.6.136/ide/plugins/com.nxp.mcuxpresso.tools.win32_25.6.0.202501151204/tools/bin/../lib/gcc/arm-none-eabi/14.2.1/../../../../arm-none-eabi/lib/thumb/v8-m.main/nofp\libcr_c.a(strlen.o)
 .debug_abbrev  0x00002cf8      0x18e C:/nxp/MCUXpressoIDE_25.6.136/ide/plugins/com.nxp.mcuxpresso.tools.win32_25.6.0.202501151204/tools/bin/../lib/gcc/arm-none-eabi/14.2.1/../../../../arm-none-eabi/lib/thumb/v8-m.main/nofp\libcr_c.a(_deferredlazyseek.o)
 .debug_abbrev  0x00002e86      0x119 C:/nxp/MCUXpressoIDE_25.6.136/ide/plugins/com.nxp.mcuxpresso.tools.win32_25.6.0.202501151204/tools/bin/../lib/gcc/arm-none-eabi/14.2.1/../../../../arm-none-eabi/lib/thumb/v8-m.main/nofp\libcr_c.a(_fdopen.o)
 .debug_abbrev  0x00002f9f       0xf1 C:/nxp/MCUXpressoIDE_25.6.136/ide/plugins/com.nxp.mcuxpresso.tools.win32_25.6.0.202501151204/tools/bin/../lib/gcc/arm-none-eabi/14.2.1/../../../../arm-none-eabi/lib/thumb/v8-m.main/nofp\libcr_c.a(_fflush.o)
 .debug_abbrev  0x00003090      0x126 C:/nxp/MCUXpressoIDE_25.6.136/ide/plugins/com.nxp.mcuxpresso.tools.win32_25.6.0.202501151204/tools/bin/../lib/gcc/arm-none-eabi/14.2.1/../../../../arm-none-eabi/lib/thumb/v8-m.main/nofp\libcr_c.a(_writebuf.o)
 .debug_abbrev  0x000031b6      0x158 C:/nxp/MCUXpressoIDE_25.6.136/ide/plugins/com.nxp.mcuxpresso.tools.win32_25.6.0.202501151204/tools/bin/../lib/gcc/arm-none-eabi/14.2.1/../../../../arm-none-eabi/lib/thumb/v8-m.main/nofp\libcr_c.a(fclose.o)
 .debug_abbrev  0x0000330e      0x125 C:/nxp/MCUXpressoIDE_25.6.136/ide/plugins/com.nxp.mcuxpresso.tools.win32_25.6.0.202501151204/tools/bin/../lib/gcc/arm-none-eabi/14.2.1/../../../../arm-none-eabi/lib/thumb/v8-m.main/nofp\libcr_c.a(fflush.o)
 .debug_abbrev  0x00003433      0x11b C:/nxp/MCUXpressoIDE_25.6.136/ide/plugins/com.nxp.mcuxpresso.tools.win32_25.6.0.202501151204/tools/bin/../lib/gcc/arm-none-eabi/14.2.1/../../../../arm-none-eabi/lib/thumb/v8-m.main/nofp\libcr_c.a(fseek.o)
 .debug_abbrev  0x0000354e       0xc2 C:/nxp/MCUXpressoIDE_25.6.136/ide/plugins/com.nxp.mcuxpresso.tools.win32_25.6.0.202501151204/tools/bin/../lib/gcc/arm-none-eabi/14.2.1/../../../../arm-none-eabi/lib/thumb/v8-m.main/nofp\libcr_c.a(ftell.o)
 .debug_abbrev  0x00003610       0xfb C:/nxp/MCUXpressoIDE_25.6.136/ide/plugins/com.nxp.mcuxpresso.tools.win32_25.6.0.202501151204/tools/bin/../lib/gcc/arm-none-eabi/14.2.1/../../../../arm-none-eabi/lib/thumb/v8-m.main/nofp\libcr_c.a(remove.o)
 .debug_abbrev  0x0000370b      0x12c C:/nxp/MCUXpressoIDE_25.6.136/ide/plugins/com.nxp.mcuxpresso.tools.win32_25.6.0.202501151204/tools/bin/../lib/gcc/arm-none-eabi/14.2.1/../../../../arm-none-eabi/lib/thumb/v8-m.main/nofp\libcr_c.a(_do_fflush.o)
 .debug_abbrev  0x00003837       0xb5 C:/nxp/MCUXpressoIDE_25.6.136/ide/plugins/com.nxp.mcuxpresso.tools.win32_25.6.0.202501151204/tools/bin/../lib/gcc/arm-none-eabi/14.2.1/../../../../arm-none-eabi/lib/thumb/v8-m.main/nofp\libcr_nohost_nf.a(__ciob.o)
 .debug_abbrev  0x000038ec       0x5c C:/nxp/MCUXpressoIDE_25.6.136/ide/plugins/com.nxp.mcuxpresso.tools.win32_25.6.0.202501151204/tools/bin/../lib/gcc/arm-none-eabi/14.2.1/../../../../arm-none-eabi/lib/thumb/v8-m.main/nofp\libcr_nohost_nf.a(__sys_close.o)
 .debug_abbrev  0x00003948       0x5c C:/nxp/MCUXpressoIDE_25.6.136/ide/plugins/com.nxp.mcuxpresso.tools.win32_25.6.0.202501151204/tools/bin/../lib/gcc/arm-none-eabi/14.2.1/../../../../arm-none-eabi/lib/thumb/v8-m.main/nofp\libcr_nohost_nf.a(__sys_flen.o)
 .debug_abbrev  0x000039a4       0x5c C:/nxp/MCUXpressoIDE_25.6.136/ide/plugins/com.nxp.mcuxpresso.tools.win32_25.6.0.202501151204/tools/bin/../lib/gcc/arm-none-eabi/14.2.1/../../../../arm-none-eabi/lib/thumb/v8-m.main/nofp\libcr_nohost_nf.a(__sys_istty.o)
 .debug_abbrev  0x00003a00       0x7d C:/nxp/MCUXpressoIDE_25.6.136/ide/plugins/com.nxp.mcuxpresso.tools.win32_25.6.0.202501151204/tools/bin/../lib/gcc/arm-none-eabi/14.2.1/../../../../arm-none-eabi/lib/thumb/v8-m.main/nofp\libcr_nohost_nf.a(__sys_remove.o)
 .debug_abbrev  0x00003a7d       0x6d C:/nxp/MCUXpressoIDE_25.6.136/ide/plugins/com.nxp.mcuxpresso.tools.win32_25.6.0.202501151204/tools/bin/../lib/gcc/arm-none-eabi/14.2.1/../../../../arm-none-eabi/lib/thumb/v8-m.main/nofp\libcr_nohost_nf.a(__sys_seek.o)
 .debug_abbrev  0x00003aea       0x76 C:/nxp/MCUXpressoIDE_25.6.136/ide/plugins/com.nxp.mcuxpresso.tools.win32_25.6.0.202501151204/tools/bin/../lib/gcc/arm-none-eabi/14.2.1/../../../../arm-none-eabi/lib/thumb/v8-m.main/nofp\libcr_nohost_nf.a(__sys_tmpnam.o)
 .debug_abbrev  0x00003b60       0x76 C:/nxp/MCUXpressoIDE_25.6.136/ide/plugins/com.nxp.mcuxpresso.tools.win32_25.6.0.202501151204/tools/bin/../lib/gcc/arm-none-eabi/14.2.1/../../../../arm-none-eabi/lib/thumb/v8-m.main/nofp\libcr_nohost_nf.a(__sys_write.o)

.debug_aranges  0x00000000      0xf00
 .debug_aranges
                0x00000000       0x78 ./utilities/debug_console_lite/fsl_debug_console.o
 .debug_aranges
                0x00000078       0x28 ./utilities/fsl_assert.o
 .debug_aranges
                0x000000a0       0x20 ./utilities/fsl_memcpy.o
 .debug_aranges
                0x000000c0      0x2e0 ./startup/startup_mcxa153.o
 .debug_aranges
                0x000003a0       0x48 ./source/pwm.o
 .debug_aranges
                0x000003e8       0x20 ./source/semihost_hardfault.o
 .debug_aranges
                0x00000408      0x160 ./drivers/fsl_clock.o
 .debug_aranges
                0x00000568       0x38 ./drivers/fsl_common_arm.o
 .debug_aranges
                0x000005a0       0x80 ./drivers/fsl_gpio.o
 .debug_aranges
                0x00000620       0x50 ./drivers/fsl_inputmux.o
 .debug_aranges
                0x00000670      0x1a8 ./drivers/fsl_lpuart.o
 .debug_aranges
                0x00000818       0xf0 ./drivers/fsl_pwm.o
 .debug_aranges
                0x00000908       0x30 ./drivers/fsl_reset.o
 .debug_aranges
                0x00000938      0x118 ./drivers/fsl_spc.o
 .debug_aranges
                0x00000a50       0x30 ./device/system_MCXA153.o
 .debug_aranges
                0x00000a80       0x58 ./component/uart/fsl_adapter_lpuart.o
 .debug_aranges
                0x00000ad8       0x20 ./board/board.o
 .debug_aranges
                0x00000af8       0x58 ./board/clock_config.o
 .debug_aranges
                0x00000b50       0x20 ./board/hardware_init.o
 .debug_aranges
                0x00000b70       0x48 ./board/pin_mux.o
 .debug_aranges
                0x00000bb8       0x20 C:/nxp/MCUXpressoIDE_25.6.136/ide/plugins/com.nxp.mcuxpresso.tools.win32_25.6.0.202501151204/tools/bin/../lib/gcc/arm-none-eabi/14.2.1/../../../../arm-none-eabi/lib/thumb/v8-m.main/nofp\libcr_nohost_nf.a(_cr__main.o)
 .debug_aranges
                0x00000bd8       0x20 C:/nxp/MCUXpressoIDE_25.6.136/ide/plugins/com.nxp.mcuxpresso.tools.win32_25.6.0.202501151204/tools/bin/../lib/gcc/arm-none-eabi/14.2.1/../../../../arm-none-eabi/lib/thumb/v8-m.main/nofp\libcr_c.a(memset.o)
 .debug_aranges
                0x00000bf8       0x40 C:/nxp/MCUXpressoIDE_25.6.136/ide/plugins/com.nxp.mcuxpresso.tools.win32_25.6.0.202501151204/tools/bin/../lib/gcc/arm-none-eabi/14.2.1/../../../../arm-none-eabi/lib/thumb/v8-m.main/nofp\libcr_c.a(alloc.o)
 .debug_aranges
                0x00000c38       0x18 C:/nxp/MCUXpressoIDE_25.6.136/ide/plugins/com.nxp.mcuxpresso.tools.win32_25.6.0.202501151204/tools/bin/../lib/gcc/arm-none-eabi/14.2.1/../../../../arm-none-eabi/lib/thumb/v8-m.main/nofp\libcr_c.a(errno.o)
 .debug_aranges
                0x00000c50       0x28 C:/nxp/MCUXpressoIDE_25.6.136/ide/plugins/com.nxp.mcuxpresso.tools.win32_25.6.0.202501151204/tools/bin/../lib/gcc/arm-none-eabi/14.2.1/../../../../arm-none-eabi/lib/thumb/v8-m.main/nofp\libcr_c.a(initio.o)
 .debug_aranges
                0x00000c78       0x20 C:/nxp/MCUXpressoIDE_25.6.136/ide/plugins/com.nxp.mcuxpresso.tools.win32_25.6.0.202501151204/tools/bin/../lib/gcc/arm-none-eabi/14.2.1/../../../../arm-none-eabi/lib/thumb/v8-m.main/nofp\libcr_c.a(setvbuf.o)
 .debug_aranges
                0x00000c98       0x20 C:/nxp/MCUXpressoIDE_25.6.136/ide/plugins/com.nxp.mcuxpresso.tools.win32_25.6.0.202501151204/tools/bin/../lib/gcc/arm-none-eabi/14.2.1/../../../../arm-none-eabi/lib/thumb/v8-m.main/nofp\libcr_c.a(strlen.o)
 .debug_aranges
                0x00000cb8       0x28 C:/nxp/MCUXpressoIDE_25.6.136/ide/plugins/com.nxp.mcuxpresso.tools.win32_25.6.0.202501151204/tools/bin/../lib/gcc/arm-none-eabi/14.2.1/../../../../arm-none-eabi/lib/thumb/v8-m.main/nofp\libcr_c.a(_deferredlazyseek.o)
 .debug_aranges
                0x00000ce0       0x20 C:/nxp/MCUXpressoIDE_25.6.136/ide/plugins/com.nxp.mcuxpresso.tools.win32_25.6.0.202501151204/tools/bin/../lib/gcc/arm-none-eabi/14.2.1/../../../../arm-none-eabi/lib/thumb/v8-m.main/nofp\libcr_c.a(_fdopen.o)
 .debug_aranges
                0x00000d00       0x20 C:/nxp/MCUXpressoIDE_25.6.136/ide/plugins/com.nxp.mcuxpresso.tools.win32_25.6.0.202501151204/tools/bin/../lib/gcc/arm-none-eabi/14.2.1/../../../../arm-none-eabi/lib/thumb/v8-m.main/nofp\libcr_c.a(_fflush.o)
 .debug_aranges
                0x00000d20       0x20 C:/nxp/MCUXpressoIDE_25.6.136/ide/plugins/com.nxp.mcuxpresso.tools.win32_25.6.0.202501151204/tools/bin/../lib/gcc/arm-none-eabi/14.2.1/../../../../arm-none-eabi/lib/thumb/v8-m.main/nofp\libcr_c.a(_writebuf.o)
 .debug_aranges
                0x00000d40       0x20 C:/nxp/MCUXpressoIDE_25.6.136/ide/plugins/com.nxp.mcuxpresso.tools.win32_25.6.0.202501151204/tools/bin/../lib/gcc/arm-none-eabi/14.2.1/../../../../arm-none-eabi/lib/thumb/v8-m.main/nofp\libcr_c.a(fclose.o)
 .debug_aranges
                0x00000d60       0x20 C:/nxp/MCUXpressoIDE_25.6.136/ide/plugins/com.nxp.mcuxpresso.tools.win32_25.6.0.202501151204/tools/bin/../lib/gcc/arm-none-eabi/14.2.1/../../../../arm-none-eabi/lib/thumb/v8-m.main/nofp\libcr_c.a(fflush.o)
 .debug_aranges
                0x00000d80       0x20 C:/nxp/MCUXpressoIDE_25.6.136/ide/plugins/com.nxp.mcuxpresso.tools.win32_25.6.0.202501151204/tools/bin/../lib/gcc/arm-none-eabi/14.2.1/../../../../arm-none-eabi/lib/thumb/v8-m.main/nofp\libcr_c.a(fseek.o)
 .debug_aranges
                0x00000da0       0x20 C:/nxp/MCUXpressoIDE_25.6.136/ide/plugins/com.nxp.mcuxpresso.tools.win32_25.6.0.202501151204/tools/bin/../lib/gcc/arm-none-eabi/14.2.1/../../../../arm-none-eabi/lib/thumb/v8-m.main/nofp\libcr_c.a(ftell.o)
 .debug_aranges
                0x00000dc0       0x28 C:/nxp/MCUXpressoIDE_25.6.136/ide/plugins/com.nxp.mcuxpresso.tools.win32_25.6.0.202501151204/tools/bin/../lib/gcc/arm-none-eabi/14.2.1/../../../../arm-none-eabi/lib/thumb/v8-m.main/nofp\libcr_c.a(remove.o)
 .debug_aranges
                0x00000de8       0x20 C:/nxp/MCUXpressoIDE_25.6.136/ide/plugins/com.nxp.mcuxpresso.tools.win32_25.6.0.202501151204/tools/bin/../lib/gcc/arm-none-eabi/14.2.1/../../../../arm-none-eabi/lib/thumb/v8-m.main/nofp\libcr_c.a(_do_fflush.o)
 .debug_aranges
                0x00000e08       0x18 C:/nxp/MCUXpressoIDE_25.6.136/ide/plugins/com.nxp.mcuxpresso.tools.win32_25.6.0.202501151204/tools/bin/../lib/gcc/arm-none-eabi/14.2.1/../../../../arm-none-eabi/lib/thumb/v8-m.main/nofp\libcr_nohost_nf.a(__ciob.o)
 .debug_aranges
                0x00000e20       0x20 C:/nxp/MCUXpressoIDE_25.6.136/ide/plugins/com.nxp.mcuxpresso.tools.win32_25.6.0.202501151204/tools/bin/../lib/gcc/arm-none-eabi/14.2.1/../../../../arm-none-eabi/lib/thumb/v8-m.main/nofp\libcr_nohost_nf.a(__sys_close.o)
 .debug_aranges
                0x00000e40       0x20 C:/nxp/MCUXpressoIDE_25.6.136/ide/plugins/com.nxp.mcuxpresso.tools.win32_25.6.0.202501151204/tools/bin/../lib/gcc/arm-none-eabi/14.2.1/../../../../arm-none-eabi/lib/thumb/v8-m.main/nofp\libcr_nohost_nf.a(__sys_flen.o)
 .debug_aranges
                0x00000e60       0x20 C:/nxp/MCUXpressoIDE_25.6.136/ide/plugins/com.nxp.mcuxpresso.tools.win32_25.6.0.202501151204/tools/bin/../lib/gcc/arm-none-eabi/14.2.1/../../../../arm-none-eabi/lib/thumb/v8-m.main/nofp\libcr_nohost_nf.a(__sys_istty.o)
 .debug_aranges
                0x00000e80       0x20 C:/nxp/MCUXpressoIDE_25.6.136/ide/plugins/com.nxp.mcuxpresso.tools.win32_25.6.0.202501151204/tools/bin/../lib/gcc/arm-none-eabi/14.2.1/../../../../arm-none-eabi/lib/thumb/v8-m.main/nofp\libcr_nohost_nf.a(__sys_remove.o)
 .debug_aranges
                0x00000ea0       0x20 C:/nxp/MCUXpressoIDE_25.6.136/ide/plugins/com.nxp.mcuxpresso.tools.win32_25.6.0.202501151204/tools/bin/../lib/gcc/arm-none-eabi/14.2.1/../../../../arm-none-eabi/lib/thumb/v8-m.main/nofp\libcr_nohost_nf.a(__sys_seek.o)
 .debug_aranges
                0x00000ec0       0x20 C:/nxp/MCUXpressoIDE_25.6.136/ide/plugins/com.nxp.mcuxpresso.tools.win32_25.6.0.202501151204/tools/bin/../lib/gcc/arm-none-eabi/14.2.1/../../../../arm-none-eabi/lib/thumb/v8-m.main/nofp\libcr_nohost_nf.a(__sys_tmpnam.o)
 .debug_aranges
                0x00000ee0       0x20 C:/nxp/MCUXpressoIDE_25.6.136/ide/plugins/com.nxp.mcuxpresso.tools.win32_25.6.0.202501151204/tools/bin/../lib/gcc/arm-none-eabi/14.2.1/../../../../arm-none-eabi/lib/thumb/v8-m.main/nofp\libcr_nohost_nf.a(__sys_write.o)

.debug_ranges   0x00000000      0xc70
 .debug_ranges  0x00000000       0x68 ./utilities/debug_console_lite/fsl_debug_console.o
 .debug_ranges  0x00000068       0x18 ./utilities/fsl_assert.o
 .debug_ranges  0x00000080      0x2d0 ./startup/startup_mcxa153.o
 .debug_ranges  0x00000350       0x38 ./source/pwm.o
 .debug_ranges  0x00000388       0x10 ./source/semihost_hardfault.o
 .debug_ranges  0x00000398      0x150 ./drivers/fsl_clock.o
 .debug_ranges  0x000004e8       0x28 ./drivers/fsl_common_arm.o
 .debug_ranges  0x00000510       0x70 ./drivers/fsl_gpio.o
 .debug_ranges  0x00000580       0x40 ./drivers/fsl_inputmux.o
 .debug_ranges  0x000005c0      0x198 ./drivers/fsl_lpuart.o
 .debug_ranges  0x00000758       0xe0 ./drivers/fsl_pwm.o
 .debug_ranges  0x00000838       0x20 ./drivers/fsl_reset.o
 .debug_ranges  0x00000858      0x108 ./drivers/fsl_spc.o
 .debug_ranges  0x00000960       0x20 ./device/system_MCXA153.o
 .debug_ranges  0x00000980       0x48 ./component/uart/fsl_adapter_lpuart.o
 .debug_ranges  0x000009c8       0x10 ./board/board.o
 .debug_ranges  0x000009d8       0x48 ./board/clock_config.o
 .debug_ranges  0x00000a20       0x10 ./board/hardware_init.o
 .debug_ranges  0x00000a30       0x38 ./board/pin_mux.o
 .debug_ranges  0x00000a68       0x10 C:/nxp/MCUXpressoIDE_25.6.136/ide/plugins/com.nxp.mcuxpresso.tools.win32_25.6.0.202501151204/tools/bin/../lib/gcc/arm-none-eabi/14.2.1/../../../../arm-none-eabi/lib/thumb/v8-m.main/nofp\libcr_nohost_nf.a(_cr__main.o)
 .debug_ranges  0x00000a78       0x10 C:/nxp/MCUXpressoIDE_25.6.136/ide/plugins/com.nxp.mcuxpresso.tools.win32_25.6.0.202501151204/tools/bin/../lib/gcc/arm-none-eabi/14.2.1/../../../../arm-none-eabi/lib/thumb/v8-m.main/nofp\libcr_c.a(memset.o)
 .debug_ranges  0x00000a88       0x48 C:/nxp/MCUXpressoIDE_25.6.136/ide/plugins/com.nxp.mcuxpresso.tools.win32_25.6.0.202501151204/tools/bin/../lib/gcc/arm-none-eabi/14.2.1/../../../../arm-none-eabi/lib/thumb/v8-m.main/nofp\libcr_c.a(alloc.o)
 .debug_ranges  0x00000ad0       0x18 C:/nxp/MCUXpressoIDE_25.6.136/ide/plugins/com.nxp.mcuxpresso.tools.win32_25.6.0.202501151204/tools/bin/../lib/gcc/arm-none-eabi/14.2.1/../../../../arm-none-eabi/lib/thumb/v8-m.main/nofp\libcr_c.a(initio.o)
 .debug_ranges  0x00000ae8       0x10 C:/nxp/MCUXpressoIDE_25.6.136/ide/plugins/com.nxp.mcuxpresso.tools.win32_25.6.0.202501151204/tools/bin/../lib/gcc/arm-none-eabi/14.2.1/../../../../arm-none-eabi/lib/thumb/v8-m.main/nofp\libcr_c.a(setvbuf.o)
 .debug_ranges  0x00000af8       0x10 C:/nxp/MCUXpressoIDE_25.6.136/ide/plugins/com.nxp.mcuxpresso.tools.win32_25.6.0.202501151204/tools/bin/../lib/gcc/arm-none-eabi/14.2.1/../../../../arm-none-eabi/lib/thumb/v8-m.main/nofp\libcr_c.a(strlen.o)
 .debug_ranges  0x00000b08       0x30 C:/nxp/MCUXpressoIDE_25.6.136/ide/plugins/com.nxp.mcuxpresso.tools.win32_25.6.0.202501151204/tools/bin/../lib/gcc/arm-none-eabi/14.2.1/../../../../arm-none-eabi/lib/thumb/v8-m.main/nofp\libcr_c.a(_deferredlazyseek.o)
 .debug_ranges  0x00000b38       0x10 C:/nxp/MCUXpressoIDE_25.6.136/ide/plugins/com.nxp.mcuxpresso.tools.win32_25.6.0.202501151204/tools/bin/../lib/gcc/arm-none-eabi/14.2.1/../../../../arm-none-eabi/lib/thumb/v8-m.main/nofp\libcr_c.a(_fdopen.o)
 .debug_ranges  0x00000b48       0x10 C:/nxp/MCUXpressoIDE_25.6.136/ide/plugins/com.nxp.mcuxpresso.tools.win32_25.6.0.202501151204/tools/bin/../lib/gcc/arm-none-eabi/14.2.1/../../../../arm-none-eabi/lib/thumb/v8-m.main/nofp\libcr_c.a(_fflush.o)
 .debug_ranges  0x00000b58       0x10 C:/nxp/MCUXpressoIDE_25.6.136/ide/plugins/com.nxp.mcuxpresso.tools.win32_25.6.0.202501151204/tools/bin/../lib/gcc/arm-none-eabi/14.2.1/../../../../arm-none-eabi/lib/thumb/v8-m.main/nofp\libcr_c.a(_writebuf.o)
 .debug_ranges  0x00000b68       0x10 C:/nxp/MCUXpressoIDE_25.6.136/ide/plugins/com.nxp.mcuxpresso.tools.win32_25.6.0.202501151204/tools/bin/../lib/gcc/arm-none-eabi/14.2.1/../../../../arm-none-eabi/lib/thumb/v8-m.main/nofp\libcr_c.a(fclose.o)
 .debug_ranges  0x00000b78       0x28 C:/nxp/MCUXpressoIDE_25.6.136/ide/plugins/com.nxp.mcuxpresso.tools.win32_25.6.0.202501151204/tools/bin/../lib/gcc/arm-none-eabi/14.2.1/../../../../arm-none-eabi/lib/thumb/v8-m.main/nofp\libcr_c.a(fflush.o)
 .debug_ranges  0x00000ba0       0x10 C:/nxp/MCUXpressoIDE_25.6.136/ide/plugins/com.nxp.mcuxpresso.tools.win32_25.6.0.202501151204/tools/bin/../lib/gcc/arm-none-eabi/14.2.1/../../../../arm-none-eabi/lib/thumb/v8-m.main/nofp\libcr_c.a(fseek.o)
 .debug_ranges  0x00000bb0       0x10 C:/nxp/MCUXpressoIDE_25.6.136/ide/plugins/com.nxp.mcuxpresso.tools.win32_25.6.0.202501151204/tools/bin/../lib/gcc/arm-none-eabi/14.2.1/../../../../arm-none-eabi/lib/thumb/v8-m.main/nofp\libcr_c.a(ftell.o)
 .debug_ranges  0x00000bc0       0x18 C:/nxp/MCUXpressoIDE_25.6.136/ide/plugins/com.nxp.mcuxpresso.tools.win32_25.6.0.202501151204/tools/bin/../lib/gcc/arm-none-eabi/14.2.1/../../../../arm-none-eabi/lib/thumb/v8-m.main/nofp\libcr_c.a(remove.o)
 .debug_ranges  0x00000bd8       0x28 C:/nxp/MCUXpressoIDE_25.6.136/ide/plugins/com.nxp.mcuxpresso.tools.win32_25.6.0.202501151204/tools/bin/../lib/gcc/arm-none-eabi/14.2.1/../../../../arm-none-eabi/lib/thumb/v8-m.main/nofp\libcr_c.a(_do_fflush.o)
 .debug_ranges  0x00000c00       0x10 C:/nxp/MCUXpressoIDE_25.6.136/ide/plugins/com.nxp.mcuxpresso.tools.win32_25.6.0.202501151204/tools/bin/../lib/gcc/arm-none-eabi/14.2.1/../../../../arm-none-eabi/lib/thumb/v8-m.main/nofp\libcr_nohost_nf.a(__sys_close.o)
 .debug_ranges  0x00000c10       0x10 C:/nxp/MCUXpressoIDE_25.6.136/ide/plugins/com.nxp.mcuxpresso.tools.win32_25.6.0.202501151204/tools/bin/../lib/gcc/arm-none-eabi/14.2.1/../../../../arm-none-eabi/lib/thumb/v8-m.main/nofp\libcr_nohost_nf.a(__sys_flen.o)
 .debug_ranges  0x00000c20       0x10 C:/nxp/MCUXpressoIDE_25.6.136/ide/plugins/com.nxp.mcuxpresso.tools.win32_25.6.0.202501151204/tools/bin/../lib/gcc/arm-none-eabi/14.2.1/../../../../arm-none-eabi/lib/thumb/v8-m.main/nofp\libcr_nohost_nf.a(__sys_istty.o)
 .debug_ranges  0x00000c30       0x10 C:/nxp/MCUXpressoIDE_25.6.136/ide/plugins/com.nxp.mcuxpresso.tools.win32_25.6.0.202501151204/tools/bin/../lib/gcc/arm-none-eabi/14.2.1/../../../../arm-none-eabi/lib/thumb/v8-m.main/nofp\libcr_nohost_nf.a(__sys_remove.o)
 .debug_ranges  0x00000c40       0x10 C:/nxp/MCUXpressoIDE_25.6.136/ide/plugins/com.nxp.mcuxpresso.tools.win32_25.6.0.202501151204/tools/bin/../lib/gcc/arm-none-eabi/14.2.1/../../../../arm-none-eabi/lib/thumb/v8-m.main/nofp\libcr_nohost_nf.a(__sys_seek.o)
 .debug_ranges  0x00000c50       0x10 C:/nxp/MCUXpressoIDE_25.6.136/ide/plugins/com.nxp.mcuxpresso.tools.win32_25.6.0.202501151204/tools/bin/../lib/gcc/arm-none-eabi/14.2.1/../../../../arm-none-eabi/lib/thumb/v8-m.main/nofp\libcr_nohost_nf.a(__sys_tmpnam.o)
 .debug_ranges  0x00000c60       0x10 C:/nxp/MCUXpressoIDE_25.6.136/ide/plugins/com.nxp.mcuxpresso.tools.win32_25.6.0.202501151204/tools/bin/../lib/gcc/arm-none-eabi/14.2.1/../../../../arm-none-eabi/lib/thumb/v8-m.main/nofp\libcr_nohost_nf.a(__sys_write.o)

.debug_macro    0x00000000     0x3c3b
 .debug_macro   0x00000000      0x2f6 ./utilities/debug_console_lite/fsl_debug_console.o
 .debug_macro   0x000002f6       0x16 ./utilities/debug_console_lite/fsl_debug_console.o
 .debug_macro   0x0000030c       0x10 ./utilities/debug_console_lite/fsl_debug_console.o
 .debug_macro   0x0000031c       0xc4 ./utilities/debug_console_lite/fsl_debug_console.o
 .debug_macro   0x000003e0       0x16 ./utilities/debug_console_lite/fsl_debug_console.o
 .debug_macro   0x000003f6       0x34 ./utilities/debug_console_lite/fsl_debug_console.o
 .debug_macro   0x0000042a       0x47 ./utilities/debug_console_lite/fsl_debug_console.o
 .debug_macro   0x00000471      0x2d0 ./utilities/fsl_assert.o
 .debug_macro   0x00000741       0x1c ./utilities/fsl_assert.o
 .debug_macro   0x0000075d       0x22 ./utilities/fsl_assert.o
 .debug_macro   0x0000077f       0x1c ./utilities/fsl_assert.o
 .debug_macro   0x0000079b       0x32 ./startup/startup_mcxa153.o
 .debug_macro   0x000007cd      0x314 ./source/pwm.o
 .debug_macro   0x00000ae1      0x5af ./source/pwm.o
 .debug_macro   0x00001090       0x16 ./source/pwm.o
 .debug_macro   0x000010a6      0x100 ./source/pwm.o
 .debug_macro   0x000011a6       0x2e ./source/pwm.o
 .debug_macro   0x000011d4      0x117 ./source/pwm.o
 .debug_macro   0x000012eb       0x1c ./source/pwm.o
 .debug_macro   0x00001307       0x1a ./source/semihost_hardfault.o
 .debug_macro   0x00001321      0x2b5 ./drivers/fsl_clock.o
 .debug_macro   0x000015d6      0x2b5 ./drivers/fsl_common_arm.o
 .debug_macro   0x0000188b      0x2ca ./drivers/fsl_gpio.o
 .debug_macro   0x00001b55       0x10 ./drivers/fsl_gpio.o
 .debug_macro   0x00001b65      0x2ce ./drivers/fsl_inputmux.o
 .debug_macro   0x00001e33       0xf4 ./drivers/fsl_inputmux.o
 .debug_macro   0x00001f27      0x2ca ./drivers/fsl_lpuart.o
 .debug_macro   0x000021f1       0x10 ./drivers/fsl_lpuart.o
 .debug_macro   0x00002201      0x2ca ./drivers/fsl_pwm.o
 .debug_macro   0x000024cb       0x16 ./drivers/fsl_pwm.o
 .debug_macro   0x000024e1      0x2c1 ./drivers/fsl_reset.o
 .debug_macro   0x000027a2      0x2c4 ./drivers/fsl_spc.o
 .debug_macro   0x00002a66       0x2e ./drivers/fsl_spc.o
 .debug_macro   0x00002a94      0x2b9 ./device/system_MCXA153.o
 .debug_macro   0x00002d4d      0x2e3 ./component/uart/fsl_adapter_lpuart.o
 .debug_macro   0x00003030       0x41 ./component/uart/fsl_adapter_lpuart.o
 .debug_macro   0x00003071      0x2f6 ./board/board.o
 .debug_macro   0x00003367      0x2cb ./board/clock_config.o
 .debug_macro   0x00003632       0x34 ./board/clock_config.o
 .debug_macro   0x00003666      0x2fe ./board/hardware_init.o
 .debug_macro   0x00003964      0x2c1 ./board/pin_mux.o
 .debug_macro   0x00003c25       0x16 ./board/pin_mux.o

.debug_line     0x00000000     0xeb12
 .debug_line    0x00000000      0xc3f ./utilities/debug_console_lite/fsl_debug_console.o
 .debug_line    0x00000c3f      0x7a4 ./utilities/fsl_assert.o
 .debug_line    0x000013e3       0x89 ./utilities/fsl_memcpy.o
 .debug_line    0x0000146c      0x948 ./startup/startup_mcxa153.o
 .debug_line    0x00001db4      0x988 ./source/pwm.o
 .debug_line    0x0000273c       0xa2 ./source/semihost_hardfault.o
 .debug_line    0x000027de     0x1573 ./drivers/fsl_clock.o
 .debug_line    0x00003d51      0x74c ./drivers/fsl_common_arm.o
 .debug_line    0x0000449d      0x911 ./drivers/fsl_gpio.o
 .debug_line    0x00004dae      0x86c ./drivers/fsl_inputmux.o
 .debug_line    0x0000561a     0x196e ./drivers/fsl_lpuart.o
 .debug_line    0x00006f88     0x13e2 ./drivers/fsl_pwm.o
 .debug_line    0x0000836a      0x79e ./drivers/fsl_reset.o
 .debug_line    0x00008b08      0xe13 ./drivers/fsl_spc.o
 .debug_line    0x0000991b      0x7eb ./device/system_MCXA153.o
 .debug_line    0x0000a106      0x8ef ./component/uart/fsl_adapter_lpuart.o
 .debug_line    0x0000a9f5      0x79c ./board/board.o
 .debug_line    0x0000b191      0xa17 ./board/clock_config.o
 .debug_line    0x0000bba8      0x769 ./board/hardware_init.o
 .debug_line    0x0000c311      0x8cd ./board/pin_mux.o
 .debug_line    0x0000cbde       0xc4 C:/nxp/MCUXpressoIDE_25.6.136/ide/plugins/com.nxp.mcuxpresso.tools.win32_25.6.0.202501151204/tools/bin/../lib/gcc/arm-none-eabi/14.2.1/../../../../arm-none-eabi/lib/thumb/v8-m.main/nofp\libcr_nohost_nf.a(_cr__main.o)
 .debug_line    0x0000cca2       0xb3 C:/nxp/MCUXpressoIDE_25.6.136/ide/plugins/com.nxp.mcuxpresso.tools.win32_25.6.0.202501151204/tools/bin/../lib/gcc/arm-none-eabi/14.2.1/../../../../arm-none-eabi/lib/thumb/v8-m.main/nofp\libcr_c.a(memset.o)
 .debug_line    0x0000cd55      0x3ed C:/nxp/MCUXpressoIDE_25.6.136/ide/plugins/com.nxp.mcuxpresso.tools.win32_25.6.0.202501151204/tools/bin/../lib/gcc/arm-none-eabi/14.2.1/../../../../arm-none-eabi/lib/thumb/v8-m.main/nofp\libcr_c.a(alloc.o)
 .debug_line    0x0000d142       0x86 C:/nxp/MCUXpressoIDE_25.6.136/ide/plugins/com.nxp.mcuxpresso.tools.win32_25.6.0.202501151204/tools/bin/../lib/gcc/arm-none-eabi/14.2.1/../../../../arm-none-eabi/lib/thumb/v8-m.main/nofp\libcr_c.a(errno.o)
 .debug_line    0x0000d1c8      0x1b9 C:/nxp/MCUXpressoIDE_25.6.136/ide/plugins/com.nxp.mcuxpresso.tools.win32_25.6.0.202501151204/tools/bin/../lib/gcc/arm-none-eabi/14.2.1/../../../../arm-none-eabi/lib/thumb/v8-m.main/nofp\libcr_c.a(initio.o)
 .debug_line    0x0000d381      0x15c C:/nxp/MCUXpressoIDE_25.6.136/ide/plugins/com.nxp.mcuxpresso.tools.win32_25.6.0.202501151204/tools/bin/../lib/gcc/arm-none-eabi/14.2.1/../../../../arm-none-eabi/lib/thumb/v8-m.main/nofp\libcr_c.a(setvbuf.o)
 .debug_line    0x0000d4dd      0x141 C:/nxp/MCUXpressoIDE_25.6.136/ide/plugins/com.nxp.mcuxpresso.tools.win32_25.6.0.202501151204/tools/bin/../lib/gcc/arm-none-eabi/14.2.1/../../../../arm-none-eabi/lib/thumb/v8-m.main/nofp\libcr_c.a(strlen.o)
 .debug_line    0x0000d61e      0x36f C:/nxp/MCUXpressoIDE_25.6.136/ide/plugins/com.nxp.mcuxpresso.tools.win32_25.6.0.202501151204/tools/bin/../lib/gcc/arm-none-eabi/14.2.1/../../../../arm-none-eabi/lib/thumb/v8-m.main/nofp\libcr_c.a(_deferredlazyseek.o)
 .debug_line    0x0000d98d      0x18c C:/nxp/MCUXpressoIDE_25.6.136/ide/plugins/com.nxp.mcuxpresso.tools.win32_25.6.0.202501151204/tools/bin/../lib/gcc/arm-none-eabi/14.2.1/../../../../arm-none-eabi/lib/thumb/v8-m.main/nofp\libcr_c.a(_fdopen.o)